D:/NTU/111-2/ESLAB/HW2/STM32CubeIDE-HW2/Drivers/BSP/B-L475E-IOT01/stm32l475e_iot01_accelero.c:49:24:BSP_ACCELERO_Init	8	static
D:/NTU/111-2/ESLAB/HW2/STM32CubeIDE-HW2/Drivers/BSP/B-L475E-IOT01/stm32l475e_iot01_accelero.c:90:6:BSP_ACCELERO_DeInit	0	static
D:/NTU/111-2/ESLAB/HW2/STM32CubeIDE-HW2/Drivers/BSP/B-L475E-IOT01/stm32l475e_iot01_accelero.c:107:6:BSP_ACCELERO_LowPower	0	static
D:/NTU/111-2/ESLAB/HW2/STM32CubeIDE-HW2/Drivers/BSP/B-L475E-IOT01/stm32l475e_iot01_accelero.c:125:6:BSP_ACCELERO_AccGetXYZ	0	static
