D:/NTU/111-2/ESLAB/HW2/STM32CubeIDE-HW2/Drivers/STM32L4xx_HAL_Driver/Src/stm32l4xx_hal_i2c_ex.c:96:19:HAL_I2CEx_ConfigAnalogFilter	8	static
D:/NTU/111-2/ESLAB/HW2/STM32CubeIDE-HW2/Drivers/STM32L4xx_HAL_Driver/Src/stm32l4xx_hal_i2c_ex.c:140:19:HAL_I2CEx_ConfigDigitalFilter	8	static
D:/NTU/111-2/ESLAB/HW2/STM32CubeIDE-HW2/Drivers/STM32L4xx_HAL_Driver/Src/stm32l4xx_hal_i2c_ex.c:208:19:HAL_I2CEx_EnableWakeUp	0	static
D:/NTU/111-2/ESLAB/HW2/STM32CubeIDE-HW2/Drivers/STM32L4xx_HAL_Driver/Src/stm32l4xx_hal_i2c_ex.c:247:19:HAL_I2CEx_DisableWakeUp	0	static
D:/NTU/111-2/ESLAB/HW2/STM32CubeIDE-HW2/Drivers/STM32L4xx_HAL_Driver/Src/stm32l4xx_hal_i2c_ex.c:314:6:HAL_I2CEx_EnableFastModePlus	8	static
D:/NTU/111-2/ESLAB/HW2/STM32CubeIDE-HW2/Drivers/STM32L4xx_HAL_Driver/Src/stm32l4xx_hal_i2c_ex.c:343:6:HAL_I2CEx_DisableFastModePlus	8	static
