Component: ARM Compiler 6.16 Tool: armlink [5dfeaa00]

==============================================================================

Memory Map of the image

  Image Entry point : 0x08000189

  Load Region LR_IROM1 (Base: 0x08000000, Size: 0x000525a8, Max: 0x00100000, ABSOLUTE)

    Execution Region ER_IROM1 (Base: 0x08000000, Size: 0x000523b8, Max: 0x00100000, ABSOLUTE)

    Base Addr    Size         Type   Attr      Idx    E Section Name        Object

    0x08000000   0x00000188   Data   RO        35514    RESET               BUILD/DISCO_L475VG_IOT01A/ARMC6/mbed-os/targets/TARGET_STM/TARGET_STM32L4/TARGET_STM32L475xG/TOOLCHAIN_ARM/startup_stm32l475xx.o
    0x08000188   0x00000008   Code   RO        36602  * !!!main             c:\ProgramData\Mbed Studio\mbed-studio-tools\ac6\bin\..\lib\armlib\c_w.l(__main.o)
    0x08000190   0x00000034   Code   RO        41628    !!!scatter          c:\ProgramData\Mbed Studio\mbed-studio-tools\ac6\bin\..\lib\armlib\c_w.l(__scatter.o)
    0x080001c4   0x0000003a   Code   RO        41626    !!dczerorl          c:\ProgramData\Mbed Studio\mbed-studio-tools\ac6\bin\..\lib\armlib\c_w.l(__dczerorl.o)
    0x080001fe   0x00000002   PAD
    0x08000200   0x0000001a   Code   RO        41630    !!handler_copy      c:\ProgramData\Mbed Studio\mbed-studio-tools\ac6\bin\..\lib\armlib\c_w.l(__scatter_copy.o)
    0x0800021a   0x00000002   PAD
    0x0800021c   0x0000001c   Code   RO        41632    !!handler_zi        c:\ProgramData\Mbed Studio\mbed-studio-tools\ac6\bin\..\lib\armlib\c_w.l(__scatter_zi.o)
    0x08000238   0x00000000   Code   RO        36470    .ARM.Collect$$_printf_percent$$00000000  c:\ProgramData\Mbed Studio\mbed-studio-tools\ac6\bin\..\lib\armlib\c_w.l(_printf_percent.o)
    0x08000238   0x00000006   Code   RO        36462    .ARM.Collect$$_printf_percent$$00000001  c:\ProgramData\Mbed Studio\mbed-studio-tools\ac6\bin\..\lib\armlib\c_w.l(_printf_n.o)
    0x0800023e   0x00000006   Code   RO        36464    .ARM.Collect$$_printf_percent$$00000002  c:\ProgramData\Mbed Studio\mbed-studio-tools\ac6\bin\..\lib\armlib\c_w.l(_printf_p.o)
    0x08000244   0x00000006   Code   RO        36469    .ARM.Collect$$_printf_percent$$00000003  c:\ProgramData\Mbed Studio\mbed-studio-tools\ac6\bin\..\lib\armlib\c_w.l(_printf_f.o)
    0x0800024a   0x00000006   Code   RO        36923    .ARM.Collect$$_printf_percent$$00000004  c:\ProgramData\Mbed Studio\mbed-studio-tools\ac6\bin\..\lib\armlib\c_w.l(_printf_e.o)
    0x08000250   0x00000006   Code   RO        36924    .ARM.Collect$$_printf_percent$$00000005  c:\ProgramData\Mbed Studio\mbed-studio-tools\ac6\bin\..\lib\armlib\c_w.l(_printf_g.o)
    0x08000256   0x00000006   Code   RO        36925    .ARM.Collect$$_printf_percent$$00000006  c:\ProgramData\Mbed Studio\mbed-studio-tools\ac6\bin\..\lib\armlib\c_w.l(_printf_a.o)
    0x0800025c   0x0000000a   Code   RO        36930    .ARM.Collect$$_printf_percent$$00000007  c:\ProgramData\Mbed Studio\mbed-studio-tools\ac6\bin\..\lib\armlib\c_w.l(_printf_ll.o)
    0x08000266   0x00000006   Code   RO        36466    .ARM.Collect$$_printf_percent$$00000008  c:\ProgramData\Mbed Studio\mbed-studio-tools\ac6\bin\..\lib\armlib\c_w.l(_printf_i.o)
    0x0800026c   0x00000006   Code   RO        36467    .ARM.Collect$$_printf_percent$$00000009  c:\ProgramData\Mbed Studio\mbed-studio-tools\ac6\bin\..\lib\armlib\c_w.l(_printf_d.o)
    0x08000272   0x00000006   Code   RO        36468    .ARM.Collect$$_printf_percent$$0000000A  c:\ProgramData\Mbed Studio\mbed-studio-tools\ac6\bin\..\lib\armlib\c_w.l(_printf_u.o)
    0x08000278   0x00000006   Code   RO        36465    .ARM.Collect$$_printf_percent$$0000000B  c:\ProgramData\Mbed Studio\mbed-studio-tools\ac6\bin\..\lib\armlib\c_w.l(_printf_o.o)
    0x0800027e   0x00000006   Code   RO        36463    .ARM.Collect$$_printf_percent$$0000000C  c:\ProgramData\Mbed Studio\mbed-studio-tools\ac6\bin\..\lib\armlib\c_w.l(_printf_x.o)
    0x08000284   0x00000006   Code   RO        36927    .ARM.Collect$$_printf_percent$$0000000D  c:\ProgramData\Mbed Studio\mbed-studio-tools\ac6\bin\..\lib\armlib\c_w.l(_printf_lli.o)
    0x0800028a   0x00000006   Code   RO        36928    .ARM.Collect$$_printf_percent$$0000000E  c:\ProgramData\Mbed Studio\mbed-studio-tools\ac6\bin\..\lib\armlib\c_w.l(_printf_lld.o)
    0x08000290   0x00000006   Code   RO        36929    .ARM.Collect$$_printf_percent$$0000000F  c:\ProgramData\Mbed Studio\mbed-studio-tools\ac6\bin\..\lib\armlib\c_w.l(_printf_llu.o)
    0x08000296   0x00000006   Code   RO        36933    .ARM.Collect$$_printf_percent$$00000010  c:\ProgramData\Mbed Studio\mbed-studio-tools\ac6\bin\..\lib\armlib\c_w.l(_printf_llo.o)
    0x0800029c   0x00000006   Code   RO        36934    .ARM.Collect$$_printf_percent$$00000011  c:\ProgramData\Mbed Studio\mbed-studio-tools\ac6\bin\..\lib\armlib\c_w.l(_printf_llx.o)
[...]
    0x08049d82   0x00000031   Data   RO        38155    .rodata._ZTSNSt3__215basic_streambufIwNS_11char_traitsIwEEEE  c:\ProgramData\Mbed Studio\mbed-studio-tools\ac6\bin\..\lib\libcxx\libcpp_w.l(ios.instantiations.cpp.o)
    0x08049db3   0x00000022   Data   RO        40241    .rodata._ZTSNSt3__220__time_get_c_storageIcEE  c:\ProgramData\Mbed Studio\mbed-studio-tools\ac6\bin\..\lib\libcxx\libcpp_w.l(locale.cpp.o)
    0x08049dd5   0x00000022   Data   RO        40245    .rodata._ZTSNSt3__220__time_get_c_storageIwEE  c:\ProgramData\Mbed Studio\mbed-studio-tools\ac6\bin\..\lib\libcxx\libcpp_w.l(locale.cpp.o)
    0x08049df7   0x00000012   Data   RO        39007    .rodata._ZTSNSt3__25ctypeIcEE  c:\ProgramData\Mbed Studio\mbed-studio-tools\ac6\bin\..\lib\libcxx\libcpp_w.l(locale.cpp.o)
    0x08049e09   0x00000012   Data   RO        38934    .rodata._ZTSNSt3__25ctypeIwEE  c:\ProgramData\Mbed Studio\mbed-studio-tools\ac6\bin\..\lib\libcxx\libcpp_w.l(locale.cpp.o)
    0x08049e1b   0x00000016   Data   RO        39001    .rodata._ZTSNSt3__26locale5__impE  c:\ProgramData\Mbed Studio\mbed-studio-tools\ac6\bin\..\lib\libcxx\libcpp_w.l(locale.cpp.o)
    0x08049e31   0x00000016   Data   RO        38931    .rodata._ZTSNSt3__26locale5facetE  c:\ProgramData\Mbed Studio\mbed-studio-tools\ac6\bin\..\lib\libcxx\libcpp_w.l(locale.cpp.o)
    0x08049e47   0x00000026   Data   RO        38949    .rodata._ZTSNSt3__27codecvtIDiDuSt11__mbstate_tEE  c:\ProgramData\Mbed Studio\mbed-studio-tools\ac6\bin\..\lib\libcxx\libcpp_w.l(locale.cpp.o)
    0x08049e6d   0x00000025   Data   RO        38946    .rodata._ZTSNSt3__27codecvtIDicSt11__mbstate_tEE  c:\ProgramData\Mbed Studio\mbed-studio-tools\ac6\bin\..\lib\libcxx\libcpp_w.l(locale.cpp.o)
    0x08049e92   0x00000026   Data   RO        38943    .rodata._ZTSNSt3__27codecvtIDsDuSt11__mbstate_tEE  c:\ProgramData\Mbed Studio\mbed-studio-tools\ac6\bin\..\lib\libcxx\libcpp_w.l(locale.cpp.o)
    0x08049eb8   0x00000025   Data   RO        38940    .rodata._ZTSNSt3__27codecvtIDscSt11__mbstate_tEE  c:\ProgramData\Mbed Studio\mbed-studio-tools\ac6\bin\..\lib\libcxx\libcpp_w.l(locale.cpp.o)
    0x08049edd   0x00000024   Data   RO        38937    .rodata._ZTSNSt3__27codecvtIccSt11__mbstate_tEE  c:\ProgramData\Mbed Studio\mbed-studio-tools\ac6\bin\..\lib\libcxx\libcpp_w.l(locale.cpp.o)
    0x08049f01   0x00000024   Data   RO        38965    .rodata._ZTSNSt3__27codecvtIwcSt11__mbstate_tEE  c:\ProgramData\Mbed Studio\mbed-studio-tools\ac6\bin\..\lib\libcxx\libcpp_w.l(locale.cpp.o)
    0x08049f25   0x00000014   Data   RO        40214    .rodata._ZTSNSt3__27collateIcEE  c:\ProgramData\Mbed Studio\mbed-studio-tools\ac6\bin\..\lib\libcxx\libcpp_w.l(locale.cpp.o)
    0x08049f39   0x00000014   Data   RO        40216    .rodata._ZTSNSt3__27collateIwEE  c:\ProgramData\Mbed Studio\mbed-studio-tools\ac6\bin\..\lib\libcxx\libcpp_w.l(locale.cpp.o)
    0x08049f4d   0x00000044   Data   RO        40218    .rodata._ZTSNSt3__27num_getIcNS_19istreambuf_iteratorIcNS_11char_traitsIcEEEEEE  c:\ProgramData\Mbed Studio\mbed-studio-tools\ac6\bin\..\lib\libcxx\libcpp_w.l(locale.cpp.o)
    0x08049f91   0x00000044   Data   RO        40224    .rodata._ZTSNSt3__27num_getIwNS_19istreambuf_iteratorIwNS_11char_traitsIwEEEEEE  c:\ProgramData\Mbed Studio\mbed-studio-tools\ac6\bin\..\lib\libcxx\libcpp_w.l(locale.cpp.o)
    0x08049fd5   0x00000044   Data   RO        40228    .rodata._ZTSNSt3__27num_putIcNS_19ostreambuf_iteratorIcNS_11char_traitsIcEEEEEE  c:\ProgramData\Mbed Studio\mbed-studio-tools\ac6\bin\..\lib\libcxx\libcpp_w.l(locale.cpp.o)
    0x0804a019   0x00000044   Data   RO        40234    .rodata._ZTSNSt3__27num_putIwNS_19ostreambuf_iteratorIwNS_11char_traitsIwEEEEEE  c:\ProgramData\Mbed Studio\mbed-studio-tools\ac6\bin\..\lib\libcxx\libcpp_w.l(locale.cpp.o)
    0x0804a05d   0x00000012   Data   RO        37164    .rodata._ZTSNSt3__28ios_baseE  c:\ProgramData\Mbed Studio\mbed-studio-tools\ac6\bin\..\lib\libcxx\libcpp_w.l(ios.cpp.o)
    0x0804a06f   0x00000015   Data   RO        40302    .rodata._ZTSNSt3__28messagesIcEE  c:\ProgramData\Mbed Studio\mbed-studio-tools\ac6\bin\..\lib\libcxx\libcpp_w.l(locale.cpp.o)
    0x0804a084   0x00000015   Data   RO        40306    .rodata._ZTSNSt3__28messagesIwEE  c:\ProgramData\Mbed Studio\mbed-studio-tools\ac6\bin\..\lib\libcxx\libcpp_w.l(locale.cpp.o)
    0x0804a099   0x00000015   Data   RO        39013    .rodata._ZTSNSt3__28numpunctIcEE  c:\ProgramData\Mbed Studio\mbed-studio-tools\ac6\bin\..\lib\libcxx\libcpp_w.l(locale.cpp.o)
    0x0804a0ae   0x00000015   Data   RO        39015    .rodata._ZTSNSt3__28numpunctIwEE  c:\ProgramData\Mbed Studio\mbed-studio-tools\ac6\bin\..\lib\libcxx\libcpp_w.l(locale.cpp.o)
    0x0804a0c3   0x00000045   Data   RO        40238    .rodata._ZTSNSt3__28time_getIcNS_19istreambuf_iteratorIcNS_11char_traitsIcEEEEEE  c:\ProgramData\Mbed Studio\mbed-studio-tools\ac6\bin\..\lib\libcxx\libcpp_w.l(locale.cpp.o)
    0x0804a108   0x00000045   Data   RO        40244    .rodata._ZTSNSt3__28time_getIwNS_19istreambuf_iteratorIwNS_11char_traitsIwEEEEEE  c:\ProgramData\Mbed Studio\mbed-studio-tools\ac6\bin\..\lib\libcxx\libcpp_w.l(locale.cpp.o)
    0x0804a14d   0x00000045   Data   RO        40258    .rodata._ZTSNSt3__28time_putIcNS_19ostreambuf_iteratorIcNS_11char_traitsIcEEEEEE  c:\ProgramData\Mbed Studio\mbed-studio-tools\ac6\bin\..\lib\libcxx\libcpp_w.l(locale.cpp.o)
    0x0804a192   0x00000045   Data   RO        40262    .rodata._ZTSNSt3__28time_putIwNS_19ostreambuf_iteratorIwNS_11char_traitsIwEEEEEE  c:\ProgramData\Mbed Studio\mbed-studio-tools\ac6\bin\..\lib\libcxx\libcpp_w.l(locale.cpp.o)
    0x0804a1d7   0x00000016   Data   RO        40219    .rodata._ZTSNSt3__29__num_getIcEE  c:\ProgramData\Mbed Studio\mbed-studio-tools\ac6\bin\..\lib\libcxx\libcpp_w.l(locale.cpp.o)
    0x0804a1ed   0x00000016   Data   RO        40225    .rodata._ZTSNSt3__29__num_getIwEE  c:\ProgramData\Mbed Studio\mbed-studio-tools\ac6\bin\..\lib\libcxx\libcpp_w.l(locale.cpp.o)
    0x0804a203   0x00000016   Data   RO        40229    .rodata._ZTSNSt3__29__num_putIcEE  c:\ProgramData\Mbed Studio\mbed-studio-tools\ac6\bin\..\lib\libcxx\libcpp_w.l(locale.cpp.o)
    0x0804a219   0x00000016   Data   RO        40235    .rodata._ZTSNSt3__29__num_putIwEE  c:\ProgramData\Mbed Studio\mbed-studio-tools\ac6\bin\..\lib\libcxx\libcpp_w.l(locale.cpp.o)
    0x0804a22f   0x0000002a   Data   RO        38149    .rodata._ZTSNSt3__29basic_iosIcNS_11char_traitsIcEEEE  c:\ProgramData\Mbed Studio\mbed-studio-tools\ac6\bin\..\lib\libcxx\libcpp_w.l(ios.instantiations.cpp.o)
    0x0804a259   0x0000002a   Data   RO        38151    .rodata._ZTSNSt3__29basic_iosIwNS_11char_traitsIwEEEE  c:\ProgramData\Mbed Studio\mbed-studio-tools\ac6\bin\..\lib\libcxx\libcpp_w.l(ios.instantiations.cpp.o)
    0x0804a283   0x00000046   Data   RO        40286    .rodata._ZTSNSt3__29money_getIcNS_19istreambuf_iteratorIcNS_11char_traitsIcEEEEEE  c:\ProgramData\Mbed Studio\mbed-studio-tools\ac6\bin\..\lib\libcxx\libcpp_w.l(locale.cpp.o)
    0x0804a2c9   0x00000046   Data   RO        40290    .rodata._ZTSNSt3__29money_getIwNS_19istreambuf_iteratorIwNS_11char_traitsIwEEEEEE  c:\ProgramData\Mbed Studio\mbed-studio-tools\ac6\bin\..\lib\libcxx\libcpp_w.l(locale.cpp.o)
    0x0804a30f   0x00000046   Data   RO        40294    .rodata._ZTSNSt3__29money_putIcNS_19ostreambuf_iteratorIcNS_11char_traitsIcEEEEEE  c:\ProgramData\Mbed Studio\mbed-studio-tools\ac6\bin\..\lib\libcxx\libcpp_w.l(locale.cpp.o)
    0x0804a355   0x00000046   Data   RO        40298    .rodata._ZTSNSt3__29money_putIwNS_19ostreambuf_iteratorIwNS_11char_traitsIwEEEEEE  c:\ProgramData\Mbed Studio\mbed-studio-tools\ac6\bin\..\lib\libcxx\libcpp_w.l(locale.cpp.o)
    0x0804a39b   0x00000013   Data   RO        40239    .rodata._ZTSNSt3__29time_baseE  c:\ProgramData\Mbed Studio\mbed-studio-tools\ac6\bin\..\lib\libcxx\libcpp_w.l(locale.cpp.o)
    0x0804a3ae   0x0000000d   Data   RO        41349    .rodata._ZTSSt9type_info  c:\ProgramData\Mbed Studio\mbed-studio-tools\ac6\bin\..\lib\libcxx\libcppabi_w.l(stdlib_typeinfo.cpp.o)
    0x0804a3bb   0x00000001   PAD
    0x0804a3bc   0x00000064   Data   RO          745    .rodata._ZTV11BufferedSpi  BUILD/DISCO_L475VG_IOT01A/ARMC6/COMPONENT_ism43362/ISM43362/ATParser/BufferedSpi/BufferedSpi.o
    0x0804a420   0x00000050   Data   RO        30198    .rodata._ZTV12DirectSerial  BUILD/DISCO_L475VG_IOT01A/ARMC6/mbed-os/platform/source/mbed_retarget.o
    0x0804a470   0x00000058   Data   RO        25476    .rodata._ZTV14InternetSocket  BUILD/DISCO_L475VG_IOT01A/ARMC6/mbed-os/connectivity/netsocket/source/InternetSocket.o
    0x0804a4c8   0x00000084   Data   RO        25542    .rodata._ZTV16NetworkInterface  BUILD/DISCO_L475VG_IOT01A/ARMC6/mbed-os/connectivity/netsocket/source/NetworkInterface.o
    0x0804a54c   0x00000054   Data   RO        25883    .rodata._ZTV16TLSSocketWrapper  BUILD/DISCO_L475VG_IOT01A/ARMC6/mbed-os/connectivity/netsocket/source/TLSSocketWrapper.o
    0x0804a5a0   0x000001e8   Data   RO          366    .rodata._ZTV17ISM43362Interface  BUILD/DISCO_L475VG_IOT01A/ARMC6/COMPONENT_ism43362/ISM43362Interface.o
    0x0804a788   0x00000058   Data   RO        25790    .rodata._ZTV9TCPSocket  BUILD/DISCO_L475VG_IOT01A/ARMC6/mbed-os/connectivity/netsocket/source/TCPSocket.o
    0x0804a7e0   0x00000054   Data   RO        25802    .rodata._ZTV9TLSSocket  BUILD/DISCO_L475VG_IOT01A/ARMC6/mbed-os/connectivity/netsocket/source/TLSSocket.o
    0x0804a834   0x00000058   Data   RO        25892    .rodata._ZTV9UDPSocket  BUILD/DISCO_L475VG_IOT01A/ARMC6/mbed-os/connectivity/netsocket/source/UDPSocket.o
    0x0804a88c   0x00000028   Data   RO        40639    .rodata._ZTVN10__cxxabiv117__class_type_infoE  c:\ProgramData\Mbed Studio\mbed-studio-tools\ac6\bin\..\lib\libcxx\libcppabi_w.l(private_typeinfo.cpp.o)
    0x0804a8b4   0x00000028   Data   RO        40640    .rodata._ZTVN10__cxxabiv120__si_class_type_infoE  c:\ProgramData\Mbed Studio\mbed-studio-tools\ac6\bin\..\lib\libcxx\libcppabi_w.l(private_typeinfo.cpp.o)
    0x0804a8dc   0x00000028   Data   RO        40643    .rodata._ZTVN10__cxxabiv121__vmi_class_type_infoE  c:\ProgramData\Mbed Studio\mbed-studio-tools\ac6\bin\..\lib\libcxx\libcppabi_w.l(private_typeinfo.cpp.o)
    0x0804a904   0x0000000c   Data   RO        27403    .rodata._ZTVN4mbed10TimerEventE  BUILD/DISCO_L475VG_IOT01A/ARMC6/mbed-os/drivers/source/TimerEvent.o
    0x0804a910   0x00000010   Data   RO        27007    .rodata._ZTVN4mbed11InterruptInE  BUILD/DISCO_L475VG_IOT01A/ARMC6/mbed-os/drivers/source/InterruptIn.o
    0x0804a920   0x00000020   Data   RO        27204    .rodata._ZTVN4mbed3SPIE  BUILD/DISCO_L475VG_IOT01A/ARMC6/mbed-os/drivers/source/SPI.o
    0x0804a940   0x0000000c   Data   RO        29737    .rodata._ZTVN4mbed8internal8SysTimerINSt3__25ratioILx1ELx1000EEELb1EEE  BUILD/DISCO_L475VG_IOT01A/ARMC6/mbed-os/platform/source/SysTimer.o
    0x0804a94c   0x00000010   Data   RO        30501    .rodata._ZTVN4rtos6ThreadE  BUILD/DISCO_L475VG_IOT01A/ARMC6/mbed-os/rtos/source/Thread.o
    0x0804a95c   0x00000040   Data   RO        36820    .rodata._ZTVNSt3__210__stdinbufIcEE  c:\ProgramData\Mbed Studio\mbed-studio-tools\ac6\bin\..\lib\libcxx\libcpp_w.l(iostream.cpp.o)
    0x0804a99c   0x00000040   Data   RO        36823    .rodata._ZTVNSt3__210__stdinbufIwEE  c:\ProgramData\Mbed Studio\mbed-studio-tools\ac6\bin\..\lib\libcxx\libcpp_w.l(iostream.cpp.o)
    0x0804a9dc   0x00000038   Data   RO        40174    .rodata._ZTVNSt3__210moneypunctIcLb0EEE  c:\ProgramData\Mbed Studio\mbed-studio-tools\ac6\bin\..\lib\libcxx\libcpp_w.l(locale.cpp.o)
    0x0804aa14   0x00000038   Data   RO        40177    .rodata._ZTVNSt3__210moneypunctIcLb1EEE  c:\ProgramData\Mbed Studio\mbed-studio-tools\ac6\bin\..\lib\libcxx\libcpp_w.l(locale.cpp.o)
    0x0804aa4c   0x00000038   Data   RO        40180    .rodata._ZTVNSt3__210moneypunctIwLb0EEE  c:\ProgramData\Mbed Studio\mbed-studio-tools\ac6\bin\..\lib\libcxx\libcpp_w.l(locale.cpp.o)
    0x0804aa84   0x00000038   Data   RO        40183    .rodata._ZTVNSt3__210moneypunctIwLb1EEE  c:\ProgramData\Mbed Studio\mbed-studio-tools\ac6\bin\..\lib\libcxx\libcpp_w.l(locale.cpp.o)
    0x0804aabc   0x00000040   Data   RO        36826    .rodata._ZTVNSt3__211__stdoutbufIcEE  c:\ProgramData\Mbed Studio\mbed-studio-tools\ac6\bin\..\lib\libcxx\libcpp_w.l(iostream.cpp.o)
    0x0804aafc   0x00000040   Data   RO        36829    .rodata._ZTVNSt3__211__stdoutbufIwEE  c:\ProgramData\Mbed Studio\mbed-studio-tools\ac6\bin\..\lib\libcxx\libcpp_w.l(iostream.cpp.o)
    0x0804ab3c   0x00000028   Data   RO        38127    .rodata._ZTVNSt3__213basic_istreamIcNS_11char_traitsIcEEEE  c:\ProgramData\Mbed Studio\mbed-studio-tools\ac6\bin\..\lib\libcxx\libcpp_w.l(ios.instantiations.cpp.o)
    0x0804ab64   0x00000028   Data   RO        38129    .rodata._ZTVNSt3__213basic_istreamIwNS_11char_traitsIwEEEE  c:\ProgramData\Mbed Studio\mbed-studio-tools\ac6\bin\..\lib\libcxx\libcpp_w.l(ios.instantiations.cpp.o)
    0x0804ab8c   0x00000028   Data   RO        38131    .rodata._ZTVNSt3__213basic_ostreamIcNS_11char_traitsIcEEEE  c:\ProgramData\Mbed Studio\mbed-studio-tools\ac6\bin\..\lib\libcxx\libcpp_w.l(ios.instantiations.cpp.o)
    0x0804abb4   0x00000028   Data   RO        38133    .rodata._ZTVNSt3__213basic_ostreamIwNS_11char_traitsIwEEEE  c:\ProgramData\Mbed Studio\mbed-studio-tools\ac6\bin\..\lib\libcxx\libcpp_w.l(ios.instantiations.cpp.o)
    0x0804abdc   0x00000040   Data   RO        38125    .rodata._ZTVNSt3__215basic_streambufIcNS_11char_traitsIcEEEE  c:\ProgramData\Mbed Studio\mbed-studio-tools\ac6\bin\..\lib\libcxx\libcpp_w.l(ios.instantiations.cpp.o)
    0x0804ac1c   0x00000040   Data   RO        38126    .rodata._ZTVNSt3__215basic_streambufIwNS_11char_traitsIwEEEE  c:\ProgramData\Mbed Studio\mbed-studio-tools\ac6\bin\..\lib\libcxx\libcpp_w.l(ios.instantiations.cpp.o)
    0x0804ac5c   0x00000034   Data   RO        38884    .rodata._ZTVNSt3__25ctypeIcEE  c:\ProgramData\Mbed Studio\mbed-studio-tools\ac6\bin\..\lib\libcxx\libcpp_w.l(locale.cpp.o)
    0x0804ac90   0x00000044   Data   RO        38933    .rodata._ZTVNSt3__25ctypeIwEE  c:\ProgramData\Mbed Studio\mbed-studio-tools\ac6\bin\..\lib\libcxx\libcpp_w.l(locale.cpp.o)
    0x0804acd4   0x00000014   Data   RO        38860    .rodata._ZTVNSt3__26locale5__impE  c:\ProgramData\Mbed Studio\mbed-studio-tools\ac6\bin\..\lib\libcxx\libcpp_w.l(locale.cpp.o)
    0x0804ace8   0x00000014   Data   RO        38930    .rodata._ZTVNSt3__26locale5facetE  c:\ProgramData\Mbed Studio\mbed-studio-tools\ac6\bin\..\lib\libcxx\libcpp_w.l(locale.cpp.o)
    0x0804acfc   0x00000030   Data   RO        38948    .rodata._ZTVNSt3__27codecvtIDiDuSt11__mbstate_tEE  c:\ProgramData\Mbed Studio\mbed-studio-tools\ac6\bin\..\lib\libcxx\libcpp_w.l(locale.cpp.o)
    0x0804ad2c   0x00000030   Data   RO        38945    .rodata._ZTVNSt3__27codecvtIDicSt11__mbstate_tEE  c:\ProgramData\Mbed Studio\mbed-studio-tools\ac6\bin\..\lib\libcxx\libcpp_w.l(locale.cpp.o)
    0x0804ad5c   0x00000030   Data   RO        38942    .rodata._ZTVNSt3__27codecvtIDsDuSt11__mbstate_tEE  c:\ProgramData\Mbed Studio\mbed-studio-tools\ac6\bin\..\lib\libcxx\libcpp_w.l(locale.cpp.o)
    0x0804ad8c   0x00000030   Data   RO        38939    .rodata._ZTVNSt3__27codecvtIDscSt11__mbstate_tEE  c:\ProgramData\Mbed Studio\mbed-studio-tools\ac6\bin\..\lib\libcxx\libcpp_w.l(locale.cpp.o)
    0x0804adbc   0x00000030   Data   RO        38936    .rodata._ZTVNSt3__27codecvtIccSt11__mbstate_tEE  c:\ProgramData\Mbed Studio\mbed-studio-tools\ac6\bin\..\lib\libcxx\libcpp_w.l(locale.cpp.o)
    0x0804adec   0x00000030   Data   RO        38890    .rodata._ZTVNSt3__27codecvtIwcSt11__mbstate_tEE  c:\ProgramData\Mbed Studio\mbed-studio-tools\ac6\bin\..\lib\libcxx\libcpp_w.l(locale.cpp.o)
    0x0804ae1c   0x00000020   Data   RO        40150    .rodata._ZTVNSt3__27collateIcEE  c:\ProgramData\Mbed Studio\mbed-studio-tools\ac6\bin\..\lib\libcxx\libcpp_w.l(locale.cpp.o)
    0x0804ae3c   0x00000020   Data   RO        40152    .rodata._ZTVNSt3__27collateIwEE  c:\ProgramData\Mbed Studio\mbed-studio-tools\ac6\bin\..\lib\libcxx\libcpp_w.l(locale.cpp.o)
    0x0804ae5c   0x00000040   Data   RO        40154    .rodata._ZTVNSt3__27num_getIcNS_19istreambuf_iteratorIcNS_11char_traitsIcEEEEEE  c:\ProgramData\Mbed Studio\mbed-studio-tools\ac6\bin\..\lib\libcxx\libcpp_w.l(locale.cpp.o)
    0x0804ae9c   0x00000040   Data   RO        40156    .rodata._ZTVNSt3__27num_getIwNS_19istreambuf_iteratorIwNS_11char_traitsIwEEEEEE  c:\ProgramData\Mbed Studio\mbed-studio-tools\ac6\bin\..\lib\libcxx\libcpp_w.l(locale.cpp.o)
    0x0804aedc   0x00000034   Data   RO        40158    .rodata._ZTVNSt3__27num_putIcNS_19ostreambuf_iteratorIcNS_11char_traitsIcEEEEEE  c:\ProgramData\Mbed Studio\mbed-studio-tools\ac6\bin\..\lib\libcxx\libcpp_w.l(locale.cpp.o)
    0x0804af10   0x00000034   Data   RO        40160    .rodata._ZTVNSt3__27num_putIwNS_19ostreambuf_iteratorIwNS_11char_traitsIwEEEEEE  c:\ProgramData\Mbed Studio\mbed-studio-tools\ac6\bin\..\lib\libcxx\libcpp_w.l(locale.cpp.o)
    0x0804af44   0x00000010   Data   RO        37162    .rodata._ZTVNSt3__28ios_baseE  c:\ProgramData\Mbed Studio\mbed-studio-tools\ac6\bin\..\lib\libcxx\libcpp_w.l(ios.cpp.o)
    0x0804af54   0x00000020   Data   RO        40198    .rodata._ZTVNSt3__28messagesIcEE  c:\ProgramData\Mbed Studio\mbed-studio-tools\ac6\bin\..\lib\libcxx\libcpp_w.l(locale.cpp.o)
    0x0804af74   0x00000020   Data   RO        40200    .rodata._ZTVNSt3__28messagesIwEE  c:\ProgramData\Mbed Studio\mbed-studio-tools\ac6\bin\..\lib\libcxx\libcpp_w.l(locale.cpp.o)
    0x0804af94   0x00000028   Data   RO        38897    .rodata._ZTVNSt3__28numpunctIcEE  c:\ProgramData\Mbed Studio\mbed-studio-tools\ac6\bin\..\lib\libcxx\libcpp_w.l(locale.cpp.o)
    0x0804afbc   0x00000028   Data   RO        38898    .rodata._ZTVNSt3__28numpunctIwEE  c:\ProgramData\Mbed Studio\mbed-studio-tools\ac6\bin\..\lib\libcxx\libcpp_w.l(locale.cpp.o)
    0x0804afe4   0x00000054   Data   RO        40162    .rodata._ZTVNSt3__28time_getIcNS_19istreambuf_iteratorIcNS_11char_traitsIcEEEEEE  c:\ProgramData\Mbed Studio\mbed-studio-tools\ac6\bin\..\lib\libcxx\libcpp_w.l(locale.cpp.o)
    0x0804b038   0x00000054   Data   RO        40164    .rodata._ZTVNSt3__28time_getIwNS_19istreambuf_iteratorIwNS_11char_traitsIwEEEEEE  c:\ProgramData\Mbed Studio\mbed-studio-tools\ac6\bin\..\lib\libcxx\libcpp_w.l(locale.cpp.o)
    0x0804b08c   0x00000018   Data   RO        40168    .rodata._ZTVNSt3__28time_putIcNS_19ostreambuf_iteratorIcNS_11char_traitsIcEEEEEE  c:\ProgramData\Mbed Studio\mbed-studio-tools\ac6\bin\..\lib\libcxx\libcpp_w.l(locale.cpp.o)
    0x0804b0a4   0x00000018   Data   RO        40170    .rodata._ZTVNSt3__28time_putIwNS_19ostreambuf_iteratorIwNS_11char_traitsIwEEEEEE  c:\ProgramData\Mbed Studio\mbed-studio-tools\ac6\bin\..\lib\libcxx\libcpp_w.l(locale.cpp.o)
    0x0804b0bc   0x0000001c   Data   RO        40190    .rodata._ZTVNSt3__29money_getIcNS_19istreambuf_iteratorIcNS_11char_traitsIcEEEEEE  c:\ProgramData\Mbed Studio\mbed-studio-tools\ac6\bin\..\lib\libcxx\libcpp_w.l(locale.cpp.o)
    0x0804b0d8   0x0000001c   Data   RO        40192    .rodata._ZTVNSt3__29money_getIwNS_19istreambuf_iteratorIwNS_11char_traitsIwEEEEEE  c:\ProgramData\Mbed Studio\mbed-studio-tools\ac6\bin\..\lib\libcxx\libcpp_w.l(locale.cpp.o)
    0x0804b0f4   0x0000001c   Data   RO        40194    .rodata._ZTVNSt3__29money_putIcNS_19ostreambuf_iteratorIcNS_11char_traitsIcEEEEEE  c:\ProgramData\Mbed Studio\mbed-studio-tools\ac6\bin\..\lib\libcxx\libcpp_w.l(locale.cpp.o)
    0x0804b110   0x0000001c   Data   RO        40196    .rodata._ZTVNSt3__29money_putIwNS_19ostreambuf_iteratorIwNS_11char_traitsIwEEEEEE  c:\ProgramData\Mbed Studio\mbed-studio-tools\ac6\bin\..\lib\libcxx\libcpp_w.l(locale.cpp.o)
    0x0804b12c   0x00000018   Data   RO        30208    .rodata._ZZL15default_consolevE14console_pinmap  BUILD/DISCO_L475VG_IOT01A/ARMC6/mbed-os/platform/source/mbed_retarget.o
    0x0804b144   0x00000400   Data   RO        38885    .rodata._ZZNSt3__25ctypeIcE13classic_tableEvE13builtin_table  c:\ProgramData\Mbed Studio\mbed-studio-tools\ac6\bin\..\lib\libcxx\libcpp_w.l(locale.cpp.o)
    0x0804b544   0x00000008   Data   RO        30194    .rodata.__stderr_name  BUILD/DISCO_L475VG_IOT01A/ARMC6/mbed-os/platform/source/mbed_retarget.o
    0x0804b54c   0x00000007   Data   RO        30192    .rodata.__stdin_name  BUILD/DISCO_L475VG_IOT01A/ARMC6/mbed-os/platform/source/mbed_retarget.o
    0x0804b553   0x00000008   Data   RO        30193    .rodata.__stdout_name  BUILD/DISCO_L475VG_IOT01A/ARMC6/mbed-os/platform/source/mbed_retarget.o
    0x0804b55b   0x00000001   PAD
    0x0804b55c   0x0000001c   Data   RO        13073    .rodata.aes_128_cbc_info  BUILD/DISCO_L475VG_IOT01A/ARMC6/mbed-os/connectivity/mbedtls/source/cipher_wrap.o
    0x0804b578   0x0000001c   Data   RO        13082    .rodata.aes_128_ccm_info  BUILD/DISCO_L475VG_IOT01A/ARMC6/mbed-os/connectivity/mbedtls/source/cipher_wrap.o
    0x0804b594   0x0000001c   Data   RO        13076    .rodata.aes_128_ctr_info  BUILD/DISCO_L475VG_IOT01A/ARMC6/mbed-os/connectivity/mbedtls/source/cipher_wrap.o
    0x0804b5b0   0x0000001c   Data   RO        13070    .rodata.aes_128_ecb_info  BUILD/DISCO_L475VG_IOT01A/ARMC6/mbed-os/connectivity/mbedtls/source/cipher_wrap.o
    0x0804b5cc   0x0000001c   Data   RO        13079    .rodata.aes_128_gcm_info  BUILD/DISCO_L475VG_IOT01A/ARMC6/mbed-os/connectivity/mbedtls/source/cipher_wrap.o
    0x0804b5e8   0x0000001c   Data   RO        13074    .rodata.aes_192_cbc_info  BUILD/DISCO_L475VG_IOT01A/ARMC6/mbed-os/connectivity/mbedtls/source/cipher_wrap.o
    0x0804b604   0x0000001c   Data   RO        13083    .rodata.aes_192_ccm_info  BUILD/DISCO_L475VG_IOT01A/ARMC6/mbed-os/connectivity/mbedtls/source/cipher_wrap.o
    0x0804b620   0x0000001c   Data   RO        13077    .rodata.aes_192_ctr_info  BUILD/DISCO_L475VG_IOT01A/ARMC6/mbed-os/connectivity/mbedtls/source/cipher_wrap.o
    0x0804b63c   0x0000001c   Data   RO        13071    .rodata.aes_192_ecb_info  BUILD/DISCO_L475VG_IOT01A/ARMC6/mbed-os/connectivity/mbedtls/source/cipher_wrap.o
    0x0804b658   0x0000001c   Data   RO        13080    .rodata.aes_192_gcm_info  BUILD/DISCO_L475VG_IOT01A/ARMC6/mbed-os/connectivity/mbedtls/source/cipher_wrap.o
    0x0804b674   0x0000001c   Data   RO        13075    .rodata.aes_256_cbc_info  BUILD/DISCO_L475VG_IOT01A/ARMC6/mbed-os/connectivity/mbedtls/source/cipher_wrap.o
    0x0804b690   0x0000001c   Data   RO        13084    .rodata.aes_256_ccm_info  BUILD/DISCO_L475VG_IOT01A/ARMC6/mbed-os/connectivity/mbedtls/source/cipher_wrap.o
    0x0804b6ac   0x0000001c   Data   RO        13078    .rodata.aes_256_ctr_info  BUILD/DISCO_L475VG_IOT01A/ARMC6/mbed-os/connectivity/mbedtls/source/cipher_wrap.o
    0x0804b6c8   0x0000001c   Data   RO        13072    .rodata.aes_256_ecb_info  BUILD/DISCO_L475VG_IOT01A/ARMC6/mbed-os/connectivity/mbedtls/source/cipher_wrap.o
    0x0804b6e4   0x0000001c   Data   RO        13081    .rodata.aes_256_gcm_info  BUILD/DISCO_L475VG_IOT01A/ARMC6/mbed-os/connectivity/mbedtls/source/cipher_wrap.o
    0x0804b700   0x00000024   Data   RO        13090    .rodata.aes_info    BUILD/DISCO_L475VG_IOT01A/ARMC6/mbed-os/connectivity/mbedtls/source/cipher_wrap.o
    0x0804b724   0x00000080   Data   RO        12671    .rodata.base64_dec_map  BUILD/DISCO_L475VG_IOT01A/ARMC6/mbed-os/connectivity/mbedtls/source/base64.o
    0x0804b7a4   0x00000024   Data   RO        13092    .rodata.ccm_aes_info  BUILD/DISCO_L475VG_IOT01A/ARMC6/mbed-os/connectivity/mbedtls/source/cipher_wrap.o
    0x0804b7c8   0x00000024   Data   RO        13093    .rodata.chacha20_base_info  BUILD/DISCO_L475VG_IOT01A/ARMC6/mbed-os/connectivity/mbedtls/source/cipher_wrap.o
    0x0804b7ec   0x0000001c   Data   RO        13085    .rodata.chacha20_info  BUILD/DISCO_L475VG_IOT01A/ARMC6/mbed-os/connectivity/mbedtls/source/cipher_wrap.o
    0x0804b808   0x00000024   Data   RO        13094    .rodata.chachapoly_base_info  BUILD/DISCO_L475VG_IOT01A/ARMC6/mbed-os/connectivity/mbedtls/source/cipher_wrap.o
    0x0804b82c   0x0000001c   Data   RO        13086    .rodata.chachapoly_info  BUILD/DISCO_L475VG_IOT01A/ARMC6/mbed-os/connectivity/mbedtls/source/cipher_wrap.o
    0x0804b848   0x00000460   Data   RO        13942    .rodata.ciphersuite_definitions  BUILD/DISCO_L475VG_IOT01A/ARMC6/mbed-os/connectivity/mbedtls/source/ssl_ciphersuites.o
    0x0804bca8   0x00000010   Data   RO        14346    .rodata.cst16       BUILD/DISCO_L475VG_IOT01A/ARMC6/mbed-os/connectivity/mbedtls/source/ssl_tls.o
    0x0804bcb8   0x00000010   Data   RO        34883    .rodata.cst16       BUILD/DISCO_L475VG_IOT01A/ARMC6/mbed-os/targets/TARGET_STM/TARGET_STM32L4/STM32Cube_FW/STM32L4xx_HAL_Driver/stm32l4xx_hal_uart.o
    0x0804bcc8   0x00000030   Data   RO        38847    .rodata.cst16       c:\ProgramData\Mbed Studio\mbed-studio-tools\ac6\bin\..\lib\libcxx\libcpp_w.l(locale.cpp.o)
    0x0804bcf8   0x00000008   PAD
    0x0804bd00   0x0000000a   Data   RO        30283    .rodata.delay_loop_code  BUILD/DISCO_L475VG_IOT01A/ARMC6/mbed-os/platform/source/mbed_wait_api_no_rtos.o
    0x0804bd0a   0x00000002   PAD
    0x0804bd0c   0x0000003c   Data   RO        13332    .rodata.ecp_supported_curves  BUILD/DISCO_L475VG_IOT01A/ARMC6/mbed-os/connectivity/mbedtls/source/ecp.o
    0x0804bd48   0x00000024   Data   RO        13091    .rodata.gcm_aes_info  BUILD/DISCO_L475VG_IOT01A/ARMC6/mbed-os/connectivity/mbedtls/source/cipher_wrap.o
    0x0804bd6c   0x00000004   PAD
    0x0804bd70   0x00000080   Data   RO        13411    .rodata.last4       BUILD/DISCO_L475VG_IOT01A/ARMC6/mbed-os/connectivity/mbedtls/source/gcm.o
    0x0804bdf0   0x00000040   Data   RO        36006    .rodata.ll_pin_defines  BUILD/DISCO_L475VG_IOT01A/ARMC6/mbed-os/targets/TARGET_STM/pinmap.o
    0x0804be30   0x00000008   Data   RO        29180    .rodata.lp_data     BUILD/DISCO_L475VG_IOT01A/ARMC6/mbed-os/hal/source/mbed_lp_ticker_api.o
    0x0804be38   0x00000024   Data   RO        29182    .rodata.lp_interface  BUILD/DISCO_L475VG_IOT01A/ARMC6/mbed-os/hal/source/mbed_lp_ticker_api.o
    0x0804be5c   0x00000008   Data   RO        35969    .rodata.lp_ticker_get_info.info  BUILD/DISCO_L475VG_IOT01A/ARMC6/mbed-os/targets/TARGET_STM/lp_ticker.o
    0x0804be64   0x00000090   Data   RO        13087    .rodata.mbedtls_cipher_definitions  BUILD/DISCO_L475VG_IOT01A/ARMC6/mbed-os/connectivity/mbedtls/source/cipher_wrap.o
    0x0804bef4   0x00000030   Data   RO        13671    .rodata.mbedtls_ecdsa_info  BUILD/DISCO_L475VG_IOT01A/ARMC6/mbed-os/connectivity/mbedtls/source/pk_wrap.o
    0x0804bf24   0x00000030   Data   RO        13669    .rodata.mbedtls_eckey_info  BUILD/DISCO_L475VG_IOT01A/ARMC6/mbed-os/connectivity/mbedtls/source/pk_wrap.o
    0x0804bf54   0x00000030   Data   RO        13670    .rodata.mbedtls_eckeydh_info  BUILD/DISCO_L475VG_IOT01A/ARMC6/mbed-os/connectivity/mbedtls/source/pk_wrap.o
    0x0804bf84   0x00000030   Data   RO        13668    .rodata.mbedtls_rsa_info  BUILD/DISCO_L475VG_IOT01A/ARMC6/mbed-os/connectivity/mbedtls/source/pk_wrap.o
    0x0804bfb4   0x00000008   Data   RO        13495    .rodata.mbedtls_sha1_info  BUILD/DISCO_L475VG_IOT01A/ARMC6/mbed-os/connectivity/mbedtls/source/md.o
    0x0804bfbc   0x00000008   Data   RO        13496    .rodata.mbedtls_sha224_info  BUILD/DISCO_L475VG_IOT01A/ARMC6/mbed-os/connectivity/mbedtls/source/md.o
    0x0804bfc4   0x00000008   Data   RO        13497    .rodata.mbedtls_sha256_info  BUILD/DISCO_L475VG_IOT01A/ARMC6/mbed-os/connectivity/mbedtls/source/md.o
    0x0804bfcc   0x00000008   Data   RO        13498    .rodata.mbedtls_sha384_info  BUILD/DISCO_L475VG_IOT01A/ARMC6/mbed-os/connectivity/mbedtls/source/md.o
    0x0804bfd4   0x00000008   Data   RO        13499    .rodata.mbedtls_sha512_info  BUILD/DISCO_L475VG_IOT01A/ARMC6/mbed-os/connectivity/mbedtls/source/md.o
    0x0804bfdc   0x00000010   Data   RO        14454    .rodata.mbedtls_x509_crt_profile_default  BUILD/DISCO_L475VG_IOT01A/ARMC6/mbed-os/connectivity/mbedtls/source/x509_crt.o
    0x0804bfec   0x00000010   Data   RO        14456    .rodata.mbedtls_x509_crt_profile_suiteb  BUILD/DISCO_L475VG_IOT01A/ARMC6/mbed-os/connectivity/mbedtls/source/x509_crt.o
    0x0804bffc   0x00000004   Data   RO        13723    .rodata.memset_func  BUILD/DISCO_L475VG_IOT01A/ARMC6/mbed-os/connectivity/mbedtls/source/platform_util.o
    0x0804c000   0x0000003c   Data   RO        13545    .rodata.oid_ecp_grp  BUILD/DISCO_L475VG_IOT01A/ARMC6/mbed-os/connectivity/mbedtls/source/oid.o
    0x0804c03c   0x00000080   Data   RO        13550    .rodata.oid_ext_key_usage  BUILD/DISCO_L475VG_IOT01A/ARMC6/mbed-os/connectivity/mbedtls/source/oid.o
    0x0804c0bc   0x00000078   Data   RO        13546    .rodata.oid_md_alg  BUILD/DISCO_L475VG_IOT01A/ARMC6/mbed-os/connectivity/mbedtls/source/oid.o
    0x0804c134   0x00000050   Data   RO        13544    .rodata.oid_pk_alg  BUILD/DISCO_L475VG_IOT01A/ARMC6/mbed-os/connectivity/mbedtls/source/oid.o
    0x0804c184   0x00000104   Data   RO        13543    .rodata.oid_sig_alg  BUILD/DISCO_L475VG_IOT01A/ARMC6/mbed-os/connectivity/mbedtls/source/oid.o
    0x0804c288   0x0000008c   Data   RO        13549    .rodata.oid_x509_ext  BUILD/DISCO_L475VG_IOT01A/ARMC6/mbed-os/connectivity/mbedtls/source/oid.o
    0x0804c314   0x00000190   Data   RO        13547    .rodata.oid_x520_attr_type  BUILD/DISCO_L475VG_IOT01A/ARMC6/mbed-os/connectivity/mbedtls/source/oid.o
    0x0804c4a4   0x00000004   Data   RO         1006    .rodata.osRtxUserSVC  BUILD/DISCO_L475VG_IOT01A/ARMC6/mbed-os/cmsis/CMSIS_5/CMSIS/RTOS2/RTX/Source/rtx_lib.o
    0x0804c4a8   0x00000024   Data   RO         1001    .rodata.os_idle_thread_attr  BUILD/DISCO_L475VG_IOT01A/ARMC6/mbed-os/cmsis/CMSIS_5/CMSIS/RTOS2/RTX/Source/rtx_lib.o
    0x0804c4cc   0x00000018   Data   RO         1003    .rodata.os_timer_mq_attr  BUILD/DISCO_L475VG_IOT01A/ARMC6/mbed-os/cmsis/CMSIS_5/CMSIS/RTOS2/RTX/Source/rtx_lib.o
    0x0804c4e4   0x00000024   Data   RO         1002    .rodata.os_timer_thread_attr  BUILD/DISCO_L475VG_IOT01A/ARMC6/mbed-os/cmsis/CMSIS_5/CMSIS/RTOS2/RTX/Source/rtx_lib.o
    0x0804c508   0x000000c0   Data   RO        35568    .rodata.pin_lines_desc  BUILD/DISCO_L475VG_IOT01A/ARMC6/mbed-os/targets/TARGET_STM/TARGET_STM32L4/gpio_irq_device.o
    0x0804c5c8   0x00000060   Data   RO        29977    .rodata.seconds_before_month  BUILD/DISCO_L475VG_IOT01A/ARMC6/mbed-os/platform/source/mbed_mktime.o
    0x0804c628   0x00000020   Data   RO        13351    .rodata.secp256r1_b  BUILD/DISCO_L475VG_IOT01A/ARMC6/mbed-os/connectivity/mbedtls/source/ecp_curves.o
    0x0804c648   0x00000020   Data   RO        13352    .rodata.secp256r1_gx  BUILD/DISCO_L475VG_IOT01A/ARMC6/mbed-os/connectivity/mbedtls/source/ecp_curves.o
    0x0804c668   0x00000020   Data   RO        13353    .rodata.secp256r1_gy  BUILD/DISCO_L475VG_IOT01A/ARMC6/mbed-os/connectivity/mbedtls/source/ecp_curves.o
    0x0804c688   0x00000020   Data   RO        13354    .rodata.secp256r1_n  BUILD/DISCO_L475VG_IOT01A/ARMC6/mbed-os/connectivity/mbedtls/source/ecp_curves.o
    0x0804c6a8   0x00000020   Data   RO        13350    .rodata.secp256r1_p  BUILD/DISCO_L475VG_IOT01A/ARMC6/mbed-os/connectivity/mbedtls/source/ecp_curves.o
    0x0804c6c8   0x00000030   Data   RO        13356    .rodata.secp384r1_b  BUILD/DISCO_L475VG_IOT01A/ARMC6/mbed-os/connectivity/mbedtls/source/ecp_curves.o
    0x0804c6f8   0x00000030   Data   RO        13357    .rodata.secp384r1_gx  BUILD/DISCO_L475VG_IOT01A/ARMC6/mbed-os/connectivity/mbedtls/source/ecp_curves.o
    0x0804c728   0x00000030   Data   RO        13358    .rodata.secp384r1_gy  BUILD/DISCO_L475VG_IOT01A/ARMC6/mbed-os/connectivity/mbedtls/source/ecp_curves.o
    0x0804c758   0x00000030   Data   RO        13359    .rodata.secp384r1_n  BUILD/DISCO_L475VG_IOT01A/ARMC6/mbed-os/connectivity/mbedtls/source/ecp_curves.o
    0x0804c788   0x00000030   Data   RO        13355    .rodata.secp384r1_p  BUILD/DISCO_L475VG_IOT01A/ARMC6/mbed-os/connectivity/mbedtls/source/ecp_curves.o
    0x0804c7b8   0x000000e3   Data   RO          365    .rodata.str1.1      BUILD/DISCO_L475VG_IOT01A/ARMC6/COMPONENT_ism43362/ISM43362Interface.o
    0x0804c89b   0x00000043   Data   RO          690    .rodata.str1.1      BUILD/DISCO_L475VG_IOT01A/ARMC6/COMPONENT_ism43362/ISM43362/ATParser/BufferedSpi/BufferedPrint.o
    0x0804c8de   0x00000244   Data   RO          807    .rodata.str1.1      BUILD/DISCO_L475VG_IOT01A/ARMC6/COMPONENT_ism43362/ISM43362/ISM43362.o
    0x0804cb22   0x00000013   Data   RO         1007    .rodata.str1.1      BUILD/DISCO_L475VG_IOT01A/ARMC6/mbed-os/cmsis/CMSIS_5/CMSIS/RTOS2/RTX/Source/rtx_lib.o
    0x0804cb35   0x00000010   Data   RO         1411    .rodata.str1.1      BUILD/DISCO_L475VG_IOT01A/ARMC6/mbed-os/cmsis/device/rtos/source/mbed_rtos_rtx.o
    0x0804cb45   0x00000138   Data   RO         1448    .rodata.str1.1      BUILD/DISCO_L475VG_IOT01A/ARMC6/mbed-os/cmsis/device/rtos/source/mbed_rtx_handlers.o
    0x0804cc7d   0x00000035   Data   RO         1477    .rodata.str1.1      BUILD/DISCO_L475VG_IOT01A/ARMC6/mbed-os/cmsis/device/rtos/source/mbed_rtx_idle.o
    0x0804ccb2   0x000000b7   Data   RO        13089    .rodata.str1.1      BUILD/DISCO_L475VG_IOT01A/ARMC6/mbed-os/connectivity/mbedtls/source/cipher_wrap.o
    0x0804cd69   0x00000006   Data   RO        13162    .rodata.str1.1      BUILD/DISCO_L475VG_IOT01A/ARMC6/mbed-os/connectivity/mbedtls/source/debug.o
    0x0804cd6f   0x00000020   Data   RO        13335    .rodata.str1.1      BUILD/DISCO_L475VG_IOT01A/ARMC6/mbed-os/connectivity/mbedtls/source/ecp.o
    0x0804cd8f   0x000007da   Data   RO        13548    .rodata.str1.1      BUILD/DISCO_L475VG_IOT01A/ARMC6/mbed-os/connectivity/mbedtls/source/oid.o
    0x0804d569   0x0000000b   Data   RO        13602    .rodata.str1.1      BUILD/DISCO_L475VG_IOT01A/ARMC6/mbed-os/connectivity/mbedtls/source/pk.o
    0x0804d574   0x0000000f   Data   RO        13667    .rodata.str1.1      BUILD/DISCO_L475VG_IOT01A/ARMC6/mbed-os/connectivity/mbedtls/source/pk_wrap.o
    0x0804d583   0x000004b0   Data   RO        13943    .rodata.str1.1      BUILD/DISCO_L475VG_IOT01A/ARMC6/mbed-os/connectivity/mbedtls/source/ssl_ciphersuites.o
    0x0804da33   0x000011d6   Data   RO        13950    .rodata.str1.1      BUILD/DISCO_L475VG_IOT01A/ARMC6/mbed-os/connectivity/mbedtls/source/ssl_cli.o
    0x0804ec09   0x000012f8   Data   RO        14059    .rodata.str1.1      BUILD/DISCO_L475VG_IOT01A/ARMC6/mbed-os/connectivity/mbedtls/source/ssl_msg.o
    0x0804ff01   0x00000edf   Data   RO        14070    .rodata.str1.1      BUILD/DISCO_L475VG_IOT01A/ARMC6/mbed-os/connectivity/mbedtls/source/ssl_srv.o
    0x08050de0   0x000003b1   Data   RO        14339    .rodata.str1.1      BUILD/DISCO_L475VG_IOT01A/ARMC6/mbed-os/connectivity/mbedtls/source/ssl_tls.o
    0x08051191   0x00000325   Data   RO        14457    .rodata.str1.1      BUILD/DISCO_L475VG_IOT01A/ARMC6/mbed-os/connectivity/mbedtls/source/x509_crt.o
    0x080514b6   0x0000002f   Data   RO        25477    .rodata.str1.1      BUILD/DISCO_L475VG_IOT01A/ARMC6/mbed-os/connectivity/netsocket/source/InternetSocket.o
    0x080514e5   0x00000012   Data   RO        25570    .rodata.str1.1      BUILD/DISCO_L475VG_IOT01A/ARMC6/mbed-os/connectivity/netsocket/source/NetworkInterfaceDefaults.o
    0x080514f7   0x0000005a   Data   RO        25614    .rodata.str1.1      BUILD/DISCO_L475VG_IOT01A/ARMC6/mbed-os/connectivity/netsocket/source/NetworkStack.o
    0x08051551   0x00000044   Data   RO        25791    .rodata.str1.1      BUILD/DISCO_L475VG_IOT01A/ARMC6/mbed-os/connectivity/netsocket/source/TCPSocket.o
    0x08051595   0x00000056   Data   RO        25978    .rodata.str1.1      BUILD/DISCO_L475VG_IOT01A/ARMC6/mbed-os/connectivity/netsocket/source/nsapi_dns.o
    0x080515eb   0x0000004a   Data   RO        27205    .rodata.str1.1      BUILD/DISCO_L475VG_IOT01A/ARMC6/mbed-os/drivers/source/SPI.o
    0x08051635   0x0000003e   Data   RO        28579    .rodata.str1.1      BUILD/DISCO_L475VG_IOT01A/ARMC6/mbed-os/events/source/mbed_shared_queues.o
    0x08051673   0x0000004e   Data   RO        29597    .rodata.str1.1      BUILD/DISCO_L475VG_IOT01A/ARMC6/mbed-os/platform/source/SysTimer.o
    0x080516c1   0x000000c8   Data   RO        29749    .rodata.str1.1      BUILD/DISCO_L475VG_IOT01A/ARMC6/mbed-os/platform/source/TARGET_CORTEX_M/mbed_fault_handler.o
    0x08051789   0x000001aa   Data   RO        29935    .rodata.str1.1      BUILD/DISCO_L475VG_IOT01A/ARMC6/mbed-os/platform/source/mbed_error.o
    0x08051933   0x00000063   Data   RO        30202    .rodata.str1.1      BUILD/DISCO_L475VG_IOT01A/ARMC6/mbed-os/platform/source/mbed_retarget.o
    0x08051996   0x00000012   Data   RO        30393    .rodata.str1.1      BUILD/DISCO_L475VG_IOT01A/ARMC6/mbed-os/rtos/source/Mutex.o
    0x080519a8   0x00000025   Data   RO        30461    .rodata.str1.1      BUILD/DISCO_L475VG_IOT01A/ARMC6/mbed-os/rtos/source/ThisThread.o
    0x080519cd   0x0000001b   Data   RO        30500    .rodata.str1.1      BUILD/DISCO_L475VG_IOT01A/ARMC6/mbed-os/rtos/source/Thread.o
    0x080519e8   0x0000002a   Data   RO        36145    .rodata.str1.1      BUILD/DISCO_L475VG_IOT01A/ARMC6/mbed-os/targets/TARGET_STM/serial_api.o
    0x08051a12   0x00000039   Data   RO        36215    .rodata.str1.1      BUILD/DISCO_L475VG_IOT01A/ARMC6/mbed-os/targets/TARGET_STM/stm_spi_api.o
    0x08051a4b   0x0000001f   Data   RO        36224    .rodata.str1.1      BUILD/DISCO_L475VG_IOT01A/ARMC6/mbed-os/targets/TARGET_STM/trng_api.o
    0x08051a6a   0x00000147   Data   RO        36277    .rodata.str1.1      BUILD/DISCO_L475VG_IOT01A/ARMC6/source/main.o
    0x08051bb1   0x00000026   Data   RO        36765    .rodata.str1.1      c:\ProgramData\Mbed Studio\mbed-studio-tools\ac6\bin\..\lib\libcxx\libcpp_w.l(iostream.cpp.o)
    0x08051bd7   0x00000014   Data   RO        38843    .rodata.str1.1      c:\ProgramData\Mbed Studio\mbed-studio-tools\ac6\bin\..\lib\libcxx\libcpp_w.l(locale.cpp.o)
    0x08051beb   0x00000001   PAD
    0x08051bec   0x0000000b   Data   RO          994    .rodata.str1.4      BUILD/DISCO_L475VG_IOT01A/ARMC6/mbed-os/cmsis/CMSIS_5/CMSIS/RTOS2/RTX/Source/rtx_kernel.o
    0x08051bf7   0x00000001   PAD
    0x08051bf8   0x0000000b   Data   RO        38850    .rodata.str1.4      c:\ProgramData\Mbed Studio\mbed-studio-tools\ac6\bin\..\lib\libcxx\libcpp_w.l(locale.cpp.o)
    0x08051c03   0x00000001   PAD
    0x08051c04   0x00000112   Data   RO        38899    .rodata.str2.2      c:\ProgramData\Mbed Studio\mbed-studio-tools\ac6\bin\..\lib\libcxx\libcpp_w.l(locale.cpp.o)
    0x08051d16   0x00000002   PAD
    0x08051d18   0x00000340   Data   RO        13940    .rodata.str4.4      BUILD/DISCO_L475VG_IOT01A/ARMC6/mbed-os/connectivity/mbedtls/source/ssl_ciphersuites.o
    0x08052058   0x00000018   Data   RO        13500    .rodata.supported_digests  BUILD/DISCO_L475VG_IOT01A/ARMC6/mbed-os/connectivity/mbedtls/source/md.o
    0x08052070   0x00000008   Data   RO        29273    .rodata.us_data     BUILD/DISCO_L475VG_IOT01A/ARMC6/mbed-os/hal/source/mbed_us_ticker_api.o
    0x08052078   0x00000024   Data   RO        29275    .rodata.us_interface  BUILD/DISCO_L475VG_IOT01A/ARMC6/mbed-os/hal/source/mbed_us_ticker_api.o
    0x0805209c   0x00000008   Data   RO        36251    .rodata.us_ticker_get_info.info  BUILD/DISCO_L475VG_IOT01A/ARMC6/mbed-os/targets/TARGET_STM/us_ticker.o
    0x080520a4   0x00000040   Data   RO        41625    Region$$Table       anon$$obj.o
    0x080520e4   0x00000008   Data   RO        41449    c$$dinf             c:\ProgramData\Mbed Studio\mbed-studio-tools\ac6\bin\..\lib\armlib\fz_wm.l(fpconst.o)
    0x080520ec   0x00000008   Data   RO        41452    c$$dmax             c:\ProgramData\Mbed Studio\mbed-studio-tools\ac6\bin\..\lib\armlib\fz_wm.l(fpconst.o)
    0x080520f4   0x00000110   Data   RO        36984    locale$$data        c:\ProgramData\Mbed Studio\mbed-studio-tools\ac6\bin\..\lib\armlib\c_w.l(lc_ctype_c.o)
    0x08052204   0x0000001c   Data   RO        40799    locale$$data        c:\ProgramData\Mbed Studio\mbed-studio-tools\ac6\bin\..\lib\armlib\c_w.l(lc_numeric_c.o)
    0x08052220   0x00000180   Data   RO        41418    locale$$data        c:\ProgramData\Mbed Studio\mbed-studio-tools\ac6\bin\..\lib\armlib\c_w.l(lc_time_c.o)
    0x080523a0   0x00000004   Data   RO        30625    .init_array         BUILD/DISCO_L475VG_IOT01A/ARMC6/mbed-os/storage/blockdevice/COMPONENT_QSPIF/source/QSPIFBlockDevice.o
    0x080523a4   0x00000004   Data   RO        36278    .init_array         BUILD/DISCO_L475VG_IOT01A/ARMC6/source/main.o
    0x080523a8   0x00000000   Data   RO        36605    .init_array         c:\ProgramData\Mbed Studio\mbed-studio-tools\ac6\bin\..\lib\armlib\c_w.l(init_aeabi.o)
    0x080523a8   0x00000004   Data   RO        36766    .init_array         c:\ProgramData\Mbed Studio\mbed-studio-tools\ac6\bin\..\lib\libcxx\libcpp_w.l(iostream.cpp.o)
    0x080523ac   0x00000004   Data   RO        37170    .init_array         c:\ProgramData\Mbed Studio\mbed-studio-tools\ac6\bin\..\lib\libcxx\libcpp_w.l(ios.cpp.o)
    0x080523b0   0x00000004   Data   RO        37179    .init_array         c:\ProgramData\Mbed Studio\mbed-studio-tools\ac6\bin\..\lib\libcxx\libcpp_w.l(ios.instantiations.cpp.o)
    0x080523b4   0x00000004   Data   RO        39064    .init_array         c:\ProgramData\Mbed Studio\mbed-studio-tools\ac6\bin\..\lib\libcxx\libcpp_w.l(locale.cpp.o)


    Execution Region RW_m_crash_data (Base: 0x10000188, Size: 0x00000100, Max: 0x00000100, ABSOLUTE)

    Base Addr    Size         Type   Attr      Idx    E Section Name        Object

    0x10000188   0x00000100   Zero   RW            1    RW_m_crash_data.bss  anon$$obj.o


    Execution Region RW_IRAM2 (Base: 0x10000288, Size: 0x00003b4c, Max: 0x00007d78, ABSOLUTE)

    Base Addr    Size         Type   Attr      Idx    E Section Name        Object

    0x10000288   0x00000004   Data   RW        36522    .data               c:\ProgramData\Mbed Studio\mbed-studio-tools\ac6\bin\..\lib\armlib\c_w.l(stdio_streams.o)
    0x1000028c   0x00000004   Data   RW        36548    .data               c:\ProgramData\Mbed Studio\mbed-studio-tools\ac6\bin\..\lib\armlib\c_w.l(strtok.o)
    0x10000290   0x00000004   Data   RW        36969    .data               c:\ProgramData\Mbed Studio\mbed-studio-tools\ac6\bin\..\lib\armlib\c_w.l(streamlock.o)
    0x10000294   0x00000034   Data   RW          240    .data.Lsm6dslAccDrv  BUILD/DISCO_L475VG_IOT01A/ARMC6/BSP_B-L475E-IOT01/Drivers/BSP/Components/lsm6dsl/lsm6dsl.o
    0x100002c8   0x00000004   Data   RW        30245    .data._ZL10_rtc_write  BUILD/DISCO_L475VG_IOT01A/ARMC6/mbed-os/platform/source/mbed_rtc_time.o
    0x100002cc   0x00000055   Data   RW        25975    .data._ZL11dns_servers  BUILD/DISCO_L475VG_IOT01A/ARMC6/mbed-os/connectivity/netsocket/source/nsapi_dns.o
    0x10000321   0x00000003   PAD
    0x10000324   0x00000040   Data   RW        30207    .data._ZL11filehandles  BUILD/DISCO_L475VG_IOT01A/ARMC6/mbed-os/platform/source/mbed_retarget.o
    0x10000364   0x00000004   Data   RW        25971    .data._ZL13dns_unique_id  BUILD/DISCO_L475VG_IOT01A/ARMC6/mbed-os/connectivity/netsocket/source/nsapi_dns.o
    0x10000368   0x00000004   Data   RW        30247    .data._ZL9_rtc_read  BUILD/DISCO_L475VG_IOT01A/ARMC6/mbed-os/platform/source/mbed_rtc_time.o
    0x1000036c   0x00000008   Data   RW        25543    .data._ZZL29get_interface_event_list_headvE10event_list  BUILD/DISCO_L475VG_IOT01A/ARMC6/mbed-os/connectivity/netsocket/source/NetworkInterface.o
    0x10000374   0x00000004   Data   RW        29181    .data.irq_handler   BUILD/DISCO_L475VG_IOT01A/ARMC6/mbed-os/hal/source/mbed_lp_ticker_api.o
    0x10000378   0x0000000c   Data   RW        14342    .data.ssl_preset_suiteb_hashes  BUILD/DISCO_L475VG_IOT01A/ARMC6/mbed-os/connectivity/mbedtls/source/ssl_tls.o
    0x10000384   0x00000004   Data   RW        32202    .data.uwTickPrio    BUILD/DISCO_L475VG_IOT01A/ARMC6/mbed-os/targets/TARGET_STM/TARGET_STM32L4/STM32Cube_FW/STM32L4xx_HAL_Driver/stm32l4xx_hal.o
    0x10000388   0x00000054   Zero   RW        36519    .bss                c:\ProgramData\Mbed Studio\mbed-studio-tools\ac6\bin\..\lib\armlib\c_w.l(stdio_streams.o)
    0x100003dc   0x00000060   Zero   RW        36857    .bss                c:\ProgramData\Mbed Studio\mbed-studio-tools\ac6\bin\..\lib\armlib\c_w.l(libspace.o)
    0x1000043c   0x00000001   Zero   RW        35977    .bss.LPTICKER_inited  BUILD/DISCO_L475VG_IOT01A/ARMC6/mbed-os/targets/TARGET_STM/lp_ticker.o
    0x1000043d   0x00000003   PAD
    0x10000440   0x00000004   Zero   RW        30210    .bss._ZGVZL15default_consolevE7console  BUILD/DISCO_L475VG_IOT01A/ARMC6/mbed-os/platform/source/mbed_retarget.o
    0x10000444   0x00000004   Zero   RW          369    .bss._ZGVZN13WiFiInterface20get_default_instanceEvE3ism  BUILD/DISCO_L475VG_IOT01A/ARMC6/COMPONENT_ism43362/ISM43362Interface.o
    0x10000448   0x00000004   Zero   RW        28587    .bss._ZGVZN4mbed33do_shared_event_queue_with_threadIL12osPriority_t24ELj768ELj2048EEEPN6events10EventQueueEPKcE5queue  BUILD/DISCO_L475VG_IOT01A/ARMC6/mbed-os/events/source/mbed_shared_queues.o
    0x1000044c   0x00000004   Zero   RW        38911    .bss._ZGVZNKSt3__220__time_get_c_storageIcE7__am_pmEvE5am_pm  c:\ProgramData\Mbed Studio\mbed-studio-tools\ac6\bin\..\lib\libcxx\libcpp_w.l(locale.cpp.o)
    0x10000450   0x00000004   Zero   RW        38903    .bss._ZGVZNKSt3__220__time_get_c_storageIcE7__weeksEvE5weeks  c:\ProgramData\Mbed Studio\mbed-studio-tools\ac6\bin\..\lib\libcxx\libcpp_w.l(locale.cpp.o)
    0x10000454   0x00000004   Zero   RW        38907    .bss._ZGVZNKSt3__220__time_get_c_storageIcE8__monthsEvE6months  c:\ProgramData\Mbed Studio\mbed-studio-tools\ac6\bin\..\lib\libcxx\libcpp_w.l(locale.cpp.o)
    0x10000458   0x00000004   Zero   RW        38921    .bss._ZGVZNKSt3__220__time_get_c_storageIwE3__XEvE1s  c:\ProgramData\Mbed Studio\mbed-studio-tools\ac6\bin\..\lib\libcxx\libcpp_w.l(locale.cpp.o)
    0x1000045c   0x00000004   Zero   RW        38925    .bss._ZGVZNKSt3__220__time_get_c_storageIwE3__cEvE1s  c:\ProgramData\Mbed Studio\mbed-studio-tools\ac6\bin\..\lib\libcxx\libcpp_w.l(locale.cpp.o)
    0x10000460   0x00000004   Zero   RW        38929    .bss._ZGVZNKSt3__220__time_get_c_storageIwE3__rEvE1s  c:\ProgramData\Mbed Studio\mbed-studio-tools\ac6\bin\..\lib\libcxx\libcpp_w.l(locale.cpp.o)
    0x10000464   0x00000004   Zero   RW        38917    .bss._ZGVZNKSt3__220__time_get_c_storageIwE3__xEvE1s  c:\ProgramData\Mbed Studio\mbed-studio-tools\ac6\bin\..\lib\libcxx\libcpp_w.l(locale.cpp.o)
    0x10000468   0x00000004   Zero   RW        38913    .bss._ZGVZNKSt3__220__time_get_c_storageIwE7__am_pmEvE5am_pm  c:\ProgramData\Mbed Studio\mbed-studio-tools\ac6\bin\..\lib\libcxx\libcpp_w.l(locale.cpp.o)
    0x1000046c   0x00000004   Zero   RW        38905    .bss._ZGVZNKSt3__220__time_get_c_storageIwE7__weeksEvE5weeks  c:\ProgramData\Mbed Studio\mbed-studio-tools\ac6\bin\..\lib\libcxx\libcpp_w.l(locale.cpp.o)
    0x10000470   0x00000004   Zero   RW        38909    .bss._ZGVZNKSt3__220__time_get_c_storageIwE8__monthsEvE6months  c:\ProgramData\Mbed Studio\mbed-studio-tools\ac6\bin\..\lib\libcxx\libcpp_w.l(locale.cpp.o)
    0x10000474   0x00000004   Zero   RW        38863    .bss._ZGVZNSt3__26locale7classicEvE1c  c:\ProgramData\Mbed Studio\mbed-studio-tools\ac6\bin\..\lib\libcxx\libcpp_w.l(locale.cpp.o)
    0x10000478   0x00000004   Zero   RW        39032    .bss._ZGVZNSt3__2L11init_wam_pmEvE5am_pm  c:\ProgramData\Mbed Studio\mbed-studio-tools\ac6\bin\..\lib\libcxx\libcpp_w.l(locale.cpp.o)
    0x1000047c   0x00000004   Zero   RW        39024    .bss._ZGVZNSt3__2L11init_wweeksEvE5weeks  c:\ProgramData\Mbed Studio\mbed-studio-tools\ac6\bin\..\lib\libcxx\libcpp_w.l(locale.cpp.o)
    0x10000480   0x00000004   Zero   RW        39028    .bss._ZGVZNSt3__2L12init_wmonthsEvE6months  c:\ProgramData\Mbed Studio\mbed-studio-tools\ac6\bin\..\lib\libcxx\libcpp_w.l(locale.cpp.o)
    0x10000484   0x00000010   Zero   RW        30201    .bss._ZL14stdio_out_prev  BUILD/DISCO_L475VG_IOT01A/ARMC6/mbed-os/platform/source/mbed_retarget.o
    0x10000494   0x00000014   Zero   RW        25973    .bss._ZL15dns_query_queue  BUILD/DISCO_L475VG_IOT01A/ARMC6/mbed-os/connectivity/netsocket/source/nsapi_dns.o
    0x100004a8   0x00000028   Zero   RW        30243    .bss._ZL6_mutex     BUILD/DISCO_L475VG_IOT01A/ARMC6/mbed-os/platform/source/mbed_rtc_time.o
    0x100004d0   0x00000028   Zero   RW        25972    .bss._ZL9dns_mutex  BUILD/DISCO_L475VG_IOT01A/ARMC6/mbed-os/connectivity/netsocket/source/nsapi_dns.o
    0x100004f8   0x00000004   Zero   RW        29441    .bss._ZN10CThunkBase17_cthunk_free_realE  BUILD/DISCO_L475VG_IOT01A/ARMC6/mbed-os/platform/source/CThunkBase.o
    0x100004fc   0x00000028   Zero   RW        29498    .bss._ZN4mbed8FileBase6_mutexE  BUILD/DISCO_L475VG_IOT01A/ARMC6/mbed-os/platform/source/FileBase.o
    0x10000524   0x00000004   Zero   RW        29499    .bss._ZN4mbed8FileBase8_defaultE  BUILD/DISCO_L475VG_IOT01A/ARMC6/mbed-os/platform/source/FileBase.o
    0x10000528   0x00000048   Zero   RW        30000    .bss._ZN4mbed8internal12_GLOBAL__N_113os_timer_dataE  BUILD/DISCO_L475VG_IOT01A/ARMC6/mbed-os/platform/source/mbed_os_timer.o
    0x10000570   0x00000004   Zero   RW        29999    .bss._ZN4mbed8internal8os_timerE  BUILD/DISCO_L475VG_IOT01A/ARMC6/mbed-os/platform/source/mbed_os_timer.o
    0x10000574   0x00000008   Zero   RW        40178    .bss._ZNSt3__210moneypunctIcLb1EE2idE  c:\ProgramData\Mbed Studio\mbed-studio-tools\ac6\bin\..\lib\libcxx\libcpp_w.l(locale.cpp.o)
    0x1000057c   0x00000008   Zero   RW        40184    .bss._ZNSt3__210moneypunctIwLb1EE2idE  c:\ProgramData\Mbed Studio\mbed-studio-tools\ac6\bin\..\lib\libcxx\libcpp_w.l(locale.cpp.o)
    0x10000584   0x00000058   Zero   RW        36743    .bss._ZNSt3__23cinE  c:\ProgramData\Mbed Studio\mbed-studio-tools\ac6\bin\..\lib\libcxx\libcpp_w.l(iostream.cpp.o)
    0x100005dc   0x00000054   Zero   RW        36747    .bss._ZNSt3__24cerrE  c:\ProgramData\Mbed Studio\mbed-studio-tools\ac6\bin\..\lib\libcxx\libcpp_w.l(iostream.cpp.o)
    0x10000630   0x00000054   Zero   RW        36749    .bss._ZNSt3__24clogE  c:\ProgramData\Mbed Studio\mbed-studio-tools\ac6\bin\..\lib\libcxx\libcpp_w.l(iostream.cpp.o)
    0x10000684   0x00000054   Zero   RW        36745    .bss._ZNSt3__24coutE  c:\ProgramData\Mbed Studio\mbed-studio-tools\ac6\bin\..\lib\libcxx\libcpp_w.l(iostream.cpp.o)
    0x100006d8   0x00000008   Zero   RW        38883    .bss._ZNSt3__25ctypeIcE2idE  c:\ProgramData\Mbed Studio\mbed-studio-tools\ac6\bin\..\lib\libcxx\libcpp_w.l(locale.cpp.o)
    0x100006e0   0x00000004   Zero   RW        38867    .bss._ZNSt3__26locale2id9__next_idE  c:\ProgramData\Mbed Studio\mbed-studio-tools\ac6\bin\..\lib\libcxx\libcpp_w.l(locale.cpp.o)
    0x100006e4   0x00000008   Zero   RW        38894    .bss._ZNSt3__27codecvtIDiDuSt11__mbstate_tE2idE  c:\ProgramData\Mbed Studio\mbed-studio-tools\ac6\bin\..\lib\libcxx\libcpp_w.l(locale.cpp.o)
    0x100006ec   0x00000008   Zero   RW        38892    .bss._ZNSt3__27codecvtIDsDuSt11__mbstate_tE2idE  c:\ProgramData\Mbed Studio\mbed-studio-tools\ac6\bin\..\lib\libcxx\libcpp_w.l(locale.cpp.o)
    0x100006f4   0x00000008   Zero   RW        38889    .bss._ZNSt3__27codecvtIwcSt11__mbstate_tE2idE  c:\ProgramData\Mbed Studio\mbed-studio-tools\ac6\bin\..\lib\libcxx\libcpp_w.l(locale.cpp.o)
    0x100006fc   0x00000008   Zero   RW        40153    .bss._ZNSt3__27collateIwE2idE  c:\ProgramData\Mbed Studio\mbed-studio-tools\ac6\bin\..\lib\libcxx\libcpp_w.l(locale.cpp.o)
    0x10000704   0x00000008   Zero   RW        40157    .bss._ZNSt3__27num_getIwNS_19istreambuf_iteratorIwNS_11char_traitsIwEEEEE2idE  c:\ProgramData\Mbed Studio\mbed-studio-tools\ac6\bin\..\lib\libcxx\libcpp_w.l(locale.cpp.o)
    0x1000070c   0x00000008   Zero   RW        40161    .bss._ZNSt3__27num_putIwNS_19ostreambuf_iteratorIwNS_11char_traitsIwEEEEE2idE  c:\ProgramData\Mbed Studio\mbed-studio-tools\ac6\bin\..\lib\libcxx\libcpp_w.l(locale.cpp.o)
    0x10000714   0x00000008   Zero   RW        40201    .bss._ZNSt3__28messagesIwE2idE  c:\ProgramData\Mbed Studio\mbed-studio-tools\ac6\bin\..\lib\libcxx\libcpp_w.l(locale.cpp.o)
    0x1000071c   0x00000008   Zero   RW        38896    .bss._ZNSt3__28numpunctIwE2idE  c:\ProgramData\Mbed Studio\mbed-studio-tools\ac6\bin\..\lib\libcxx\libcpp_w.l(locale.cpp.o)
    0x10000724   0x00000008   Zero   RW        40165    .bss._ZNSt3__28time_getIwNS_19istreambuf_iteratorIwNS_11char_traitsIwEEEEE2idE  c:\ProgramData\Mbed Studio\mbed-studio-tools\ac6\bin\..\lib\libcxx\libcpp_w.l(locale.cpp.o)
    0x1000072c   0x00000008   Zero   RW        40171    .bss._ZNSt3__28time_putIwNS_19ostreambuf_iteratorIwNS_11char_traitsIwEEEEE2idE  c:\ProgramData\Mbed Studio\mbed-studio-tools\ac6\bin\..\lib\libcxx\libcpp_w.l(locale.cpp.o)
    0x10000734   0x00000008   Zero   RW        40193    .bss._ZNSt3__29money_getIwNS_19istreambuf_iteratorIwNS_11char_traitsIwEEEEE2idE  c:\ProgramData\Mbed Studio\mbed-studio-tools\ac6\bin\..\lib\libcxx\libcpp_w.l(locale.cpp.o)
    0x1000073c   0x00000008   Zero   RW        40197    .bss._ZNSt3__29money_putIwNS_19ostreambuf_iteratorIwNS_11char_traitsIwEEEEE2idE  c:\ProgramData\Mbed Studio\mbed-studio-tools\ac6\bin\..\lib\libcxx\libcpp_w.l(locale.cpp.o)
    0x10000744   0x00000001   Zero   RW        36275    .bss._ZNSt3__2L19__start_std_streamsE  BUILD/DISCO_L475VG_IOT01A/ARMC6/source/main.o
    0x10000745   0x00000001   Zero   RW        37177    .bss._ZNSt3__2L19__start_std_streamsE  c:\ProgramData\Mbed Studio\mbed-studio-tools\ac6\bin\..\lib\libcxx\libcpp_w.l(ios.instantiations.cpp.o)
    0x10000746   0x00000002   PAD
    0x10000748   0x00000038   Zero   RW        36751    .bss._ZNSt3__2L5__cinE  c:\ProgramData\Mbed Studio\mbed-studio-tools\ac6\bin\..\lib\libcxx\libcpp_w.l(iostream.cpp.o)
    0x10000780   0x00000030   Zero   RW        36759    .bss._ZNSt3__2L6__cerrE  c:\ProgramData\Mbed Studio\mbed-studio-tools\ac6\bin\..\lib\libcxx\libcpp_w.l(iostream.cpp.o)
    0x100007b0   0x00000030   Zero   RW        36755    .bss._ZNSt3__2L6__coutE  c:\ProgramData\Mbed Studio\mbed-studio-tools\ac6\bin\..\lib\libcxx\libcpp_w.l(iostream.cpp.o)
    0x100007e0   0x00000008   Zero   RW        36754    .bss._ZNSt3__2L7mb_wcinE  c:\ProgramData\Mbed Studio\mbed-studio-tools\ac6\bin\..\lib\libcxx\libcpp_w.l(iostream.cpp.o)
    0x100007e8   0x00000008   Zero   RW        36762    .bss._ZNSt3__2L8mb_wcerrE  c:\ProgramData\Mbed Studio\mbed-studio-tools\ac6\bin\..\lib\libcxx\libcpp_w.l(iostream.cpp.o)
    0x100007f0   0x00000008   Zero   RW        36758    .bss._ZNSt3__2L8mb_wcoutE  c:\ProgramData\Mbed Studio\mbed-studio-tools\ac6\bin\..\lib\libcxx\libcpp_w.l(iostream.cpp.o)
    0x100007f8   0x00000004   Zero   RW        25612    .bss._ZZN12NetworkStack7call_inEiN4mbed8CallbackIFvvEEEE11event_queue  BUILD/DISCO_L475VG_IOT01A/ARMC6/mbed-os/connectivity/netsocket/source/NetworkStack.o
    0x100007fc   0x0000051c   Zero   RW          368    .bss._ZZN13WiFiInterface20get_default_instanceEvE3ism  BUILD/DISCO_L475VG_IOT01A/ARMC6/COMPONENT_ism43362/ISM43362Interface.o
    0x10000d18   0x00000300   Zero   RW        28585    .bss._ZZN4mbed33do_shared_event_queue_with_threadIL12osPriority_t24ELj768ELj2048EEEPN6events10EventQueueEPKcE12queue_buffer  BUILD/DISCO_L475VG_IOT01A/ARMC6/mbed-os/events/source/mbed_shared_queues.o
    0x10001018   0x000000bc   Zero   RW        28589    .bss._ZZN4mbed33do_shared_event_queue_with_threadIL12osPriority_t24ELj768ELj2048EEEPN6events10EventQueueEPKcE6thread  BUILD/DISCO_L475VG_IOT01A/ARMC6/mbed-os/events/source/mbed_shared_queues.o
    0x100010d4   0x00000004   Zero   RW        30366    .bss._ZZN4rtos6Kernel4impl14get_tick_countEvE6tick_l  BUILD/DISCO_L475VG_IOT01A/ARMC6/mbed-os/rtos/source/Kernel.o
    0x100010d8   0x00000002   Zero   RW          808    .bss._ZZN8ISM433624openEPKciS1_iE12rnglocalport  BUILD/DISCO_L475VG_IOT01A/ARMC6/COMPONENT_ism43362/ISM43362/ISM43362.o
    0x100010da   0x00000006   PAD
    0x100010e0   0x0000000c   Zero   RW        38918    .bss._ZZNKSt3__220__time_get_c_storageIcE3__XEvE1s  c:\ProgramData\Mbed Studio\mbed-studio-tools\ac6\bin\..\lib\libcxx\libcpp_w.l(locale.cpp.o)
    0x100010ec   0x0000000c   Zero   RW        38922    .bss._ZZNKSt3__220__time_get_c_storageIcE3__cEvE1s  c:\ProgramData\Mbed Studio\mbed-studio-tools\ac6\bin\..\lib\libcxx\libcpp_w.l(locale.cpp.o)
    0x100010f8   0x0000000c   Zero   RW        38926    .bss._ZZNKSt3__220__time_get_c_storageIcE3__rEvE1s  c:\ProgramData\Mbed Studio\mbed-studio-tools\ac6\bin\..\lib\libcxx\libcpp_w.l(locale.cpp.o)
    0x10001104   0x00000004   PAD
    0x10001108   0x0000000c   Zero   RW        38914    .bss._ZZNKSt3__220__time_get_c_storageIcE3__xEvE1s  c:\ProgramData\Mbed Studio\mbed-studio-tools\ac6\bin\..\lib\libcxx\libcpp_w.l(locale.cpp.o)
    0x10001114   0x00000004   PAD
    0x10001118   0x00000008   Zero   RW        39050    .bss._ZZNSt3__212_GLOBAL__N_14makeINS_10moneypunctIcLb1EEEjEERT_T0_E3buf  c:\ProgramData\Mbed Studio\mbed-studio-tools\ac6\bin\..\lib\libcxx\libcpp_w.l(locale.cpp.o)
    0x10001120   0x00000008   Zero   RW        39052    .bss._ZZNSt3__212_GLOBAL__N_14makeINS_10moneypunctIwLb1EEEjEERT_T0_E3buf  c:\ProgramData\Mbed Studio\mbed-studio-tools\ac6\bin\..\lib\libcxx\libcpp_w.l(locale.cpp.o)
    0x10001128   0x000000a8   Zero   RW        39063    .bss._ZZNSt3__212_GLOBAL__N_14makeINS_6locale5__impEjEERT_T0_E3buf  c:\ProgramData\Mbed Studio\mbed-studio-tools\ac6\bin\..\lib\libcxx\libcpp_w.l(locale.cpp.o)
    0x100011d0   0x00000008   Zero   RW        39042    .bss._ZZNSt3__212_GLOBAL__N_14makeINS_7codecvtIDiDuSt11__mbstate_tEEjEERT_T0_E3buf  c:\ProgramData\Mbed Studio\mbed-studio-tools\ac6\bin\..\lib\libcxx\libcpp_w.l(locale.cpp.o)
    0x100011d8   0x00000008   Zero   RW        39040    .bss._ZZNSt3__212_GLOBAL__N_14makeINS_7codecvtIDicSt11__mbstate_tEEjEERT_T0_E3buf  c:\ProgramData\Mbed Studio\mbed-studio-tools\ac6\bin\..\lib\libcxx\libcpp_w.l(locale.cpp.o)
    0x100011e0   0x00000008   Zero   RW        39037    .bss._ZZNSt3__212_GLOBAL__N_14makeINS_7codecvtIccSt11__mbstate_tEEjEERT_T0_E3buf  c:\ProgramData\Mbed Studio\mbed-studio-tools\ac6\bin\..\lib\libcxx\libcpp_w.l(locale.cpp.o)
    0x100011e8   0x00000010   Zero   RW        39038    .bss._ZZNSt3__212_GLOBAL__N_14makeINS_7codecvtIwcSt11__mbstate_tEEjEERT_T0_E3buf  c:\ProgramData\Mbed Studio\mbed-studio-tools\ac6\bin\..\lib\libcxx\libcpp_w.l(locale.cpp.o)
    0x100011f8   0x00000008   Zero   RW        39034    .bss._ZZNSt3__212_GLOBAL__N_14makeINS_7collateIwEEjEERT_T0_E3buf  c:\ProgramData\Mbed Studio\mbed-studio-tools\ac6\bin\..\lib\libcxx\libcpp_w.l(locale.cpp.o)
    0x10001200   0x00000008   Zero   RW        39046    .bss._ZZNSt3__212_GLOBAL__N_14makeINS_7num_getIwNS_19istreambuf_iteratorIwNS_11char_traitsIwEEEEEEjEERT_T0_E3buf  c:\ProgramData\Mbed Studio\mbed-studio-tools\ac6\bin\..\lib\libcxx\libcpp_w.l(locale.cpp.o)
    0x10001208   0x00000008   Zero   RW        39048    .bss._ZZNSt3__212_GLOBAL__N_14makeINS_7num_putIwNS_19ostreambuf_iteratorIwNS_11char_traitsIwEEEEEEjEERT_T0_E3buf  c:\ProgramData\Mbed Studio\mbed-studio-tools\ac6\bin\..\lib\libcxx\libcpp_w.l(locale.cpp.o)
    0x10001210   0x00000008   Zero   RW        39062    .bss._ZZNSt3__212_GLOBAL__N_14makeINS_8messagesIwEEjEERT_T0_E3buf  c:\ProgramData\Mbed Studio\mbed-studio-tools\ac6\bin\..\lib\libcxx\libcpp_w.l(locale.cpp.o)
    0x10001218   0x00000018   Zero   RW        39044    .bss._ZZNSt3__212_GLOBAL__N_14makeINS_8numpunctIwEEjEERT_T0_E3buf  c:\ProgramData\Mbed Studio\mbed-studio-tools\ac6\bin\..\lib\libcxx\libcpp_w.l(locale.cpp.o)
    0x10001230   0x00000010   Zero   RW        39058    .bss._ZZNSt3__212_GLOBAL__N_14makeINS_8time_getIwNS_19istreambuf_iteratorIwNS_11char_traitsIwEEEEEEjEERT_T0_E3buf  c:\ProgramData\Mbed Studio\mbed-studio-tools\ac6\bin\..\lib\libcxx\libcpp_w.l(locale.cpp.o)
    0x10001240   0x00000010   Zero   RW        39060    .bss._ZZNSt3__212_GLOBAL__N_14makeINS_8time_putIwNS_19ostreambuf_iteratorIwNS_11char_traitsIwEEEEEEjEERT_T0_E3buf  c:\ProgramData\Mbed Studio\mbed-studio-tools\ac6\bin\..\lib\libcxx\libcpp_w.l(locale.cpp.o)
    0x10001250   0x00000008   Zero   RW        39054    .bss._ZZNSt3__212_GLOBAL__N_14makeINS_9money_getIwNS_19istreambuf_iteratorIwNS_11char_traitsIwEEEEEEjEERT_T0_E3buf  c:\ProgramData\Mbed Studio\mbed-studio-tools\ac6\bin\..\lib\libcxx\libcpp_w.l(locale.cpp.o)
    0x10001258   0x00000008   Zero   RW        39056    .bss._ZZNSt3__212_GLOBAL__N_14makeINS_9money_putIwNS_19ostreambuf_iteratorIwNS_11char_traitsIwEEEEEEjEERT_T0_E3buf  c:\ProgramData\Mbed Studio\mbed-studio-tools\ac6\bin\..\lib\libcxx\libcpp_w.l(locale.cpp.o)
    0x10001260   0x00000004   Zero   RW        38861    .bss._ZZNSt3__26locale5__imp12make_classicEvE3buf  c:\ProgramData\Mbed Studio\mbed-studio-tools\ac6\bin\..\lib\libcxx\libcpp_w.l(locale.cpp.o)
    0x10001264   0x00000004   Zero   RW        38865    .bss._ZZNSt3__26locale8__globalEvE1g  c:\ProgramData\Mbed Studio\mbed-studio-tools\ac6\bin\..\lib\libcxx\libcpp_w.l(locale.cpp.o)
    0x10001268   0x00000001   Zero   RW        36763    .bss._ZZNSt3__28ios_base4InitC1EvE16init_the_streams  c:\ProgramData\Mbed Studio\mbed-studio-tools\ac6\bin\..\lib\libcxx\libcpp_w.l(iostream.cpp.o)
    0x10001269   0x00000003   PAD
    0x1000126c   0x000000a8   Zero   RW        39021    .bss._ZZNSt3__2L10init_weeksEvE5weeks  c:\ProgramData\Mbed Studio\mbed-studio-tools\ac6\bin\..\lib\libcxx\libcpp_w.l(locale.cpp.o)
    0x10001314   0x00000120   Zero   RW        39025    .bss._ZZNSt3__2L11init_monthsEvE6months  c:\ProgramData\Mbed Studio\mbed-studio-tools\ac6\bin\..\lib\libcxx\libcpp_w.l(locale.cpp.o)
    0x10001434   0x00000018   Zero   RW        39031    .bss._ZZNSt3__2L11init_wam_pmEvE5am_pm  c:\ProgramData\Mbed Studio\mbed-studio-tools\ac6\bin\..\lib\libcxx\libcpp_w.l(locale.cpp.o)
    0x1000144c   0x00000120   Zero   RW        39027    .bss._ZZNSt3__2L12init_wmonthsEvE6months  c:\ProgramData\Mbed Studio\mbed-studio-tools\ac6\bin\..\lib\libcxx\libcpp_w.l(locale.cpp.o)
    0x1000156c   0x00000004   PAD
    0x10001570   0x00002000   Zero   RW         1408    .bss._main_stack    BUILD/DISCO_L475VG_IOT01A/ARMC6/mbed-os/cmsis/device/rtos/source/mbed_rtos_rtx.o
    0x10003570   0x00000020   Zero   RW         1381    .bss._static_mutexes  BUILD/DISCO_L475VG_IOT01A/ARMC6/mbed-os/cmsis/device/rtos/TOOLCHAIN_ARM_STD/mbed_boot_arm_std.o
    0x10003590   0x00000001   Zero   RW        29145    .bss.critical_interrupts_enabled  BUILD/DISCO_L475VG_IOT01A/ARMC6/mbed-os/hal/source/mbed_critical_section_api.o
    0x10003591   0x00000003   PAD
    0x10003594   0x00000004   Zero   RW        13161    .bss.debug_threshold  BUILD/DISCO_L475VG_IOT01A/ARMC6/mbed-os/connectivity/mbedtls/source/debug.o
    0x10003598   0x00000002   Zero   RW        30027    .bss.deep_sleep_lock  BUILD/DISCO_L475VG_IOT01A/ARMC6/mbed-os/platform/source/mbed_power_mgmt.o
    0x1000359a   0x00000002   PAD
    0x1000359c   0x00000004   Zero   RW        29934    .bss.error_count    BUILD/DISCO_L475VG_IOT01A/ARMC6/mbed-os/platform/source/mbed_error.o
    0x100035a0   0x00000038   Zero   RW        29276    .bss.events         BUILD/DISCO_L475VG_IOT01A/ARMC6/mbed-os/hal/source/mbed_us_ticker_api.o
    0x100035d8   0x00000001   Zero   RW        35972    .bss.future_event_flag  BUILD/DISCO_L475VG_IOT01A/ARMC6/mbed-os/targets/TARGET_STM/lp_ticker.o
    0x100035d9   0x00000003   PAD
    0x100035dc   0x00000004   Zero   RW        35790    .bss.irq_handler    BUILD/DISCO_L475VG_IOT01A/ARMC6/mbed-os/targets/TARGET_STM/can_api.o
    0x100035e0   0x00000004   Zero   RW        35839    .bss.irq_handler    BUILD/DISCO_L475VG_IOT01A/ARMC6/mbed-os/targets/TARGET_STM/gpio_irq_api.o
    0x100035e4   0x00000001   Zero   RW        29932    .bss.is_reboot_error_valid  BUILD/DISCO_L475VG_IOT01A/ARMC6/mbed-os/platform/source/mbed_error.o
    0x100035e5   0x00000003   PAD
    0x100035e8   0x00000040   Zero   RW        29931    .bss.last_error_ctx  BUILD/DISCO_L475VG_IOT01A/ARMC6/mbed-os/platform/source/mbed_error.o
    0x10003628   0x00000001   Zero   RW        35970    .bss.lp_Fired       BUILD/DISCO_L475VG_IOT01A/ARMC6/mbed-os/targets/TARGET_STM/lp_ticker.o
    0x10003629   0x00000001   Zero   RW        35974    .bss.lp_cmpok       BUILD/DISCO_L475VG_IOT01A/ARMC6/mbed-os/targets/TARGET_STM/lp_ticker.o
    0x1000362a   0x00000002   PAD
    0x1000362c   0x00000004   Zero   RW        30196    .bss.mbed_heap_size  BUILD/DISCO_L475VG_IOT01A/ARMC6/mbed-os/platform/source/mbed_retarget.o
    0x10003630   0x00000004   Zero   RW        35998    .bss.mbed_sdk_inited  BUILD/DISCO_L475VG_IOT01A/ARMC6/mbed-os/targets/TARGET_STM/mbed_overrides.o
    0x10003634   0x00000004   Zero   RW         1399    .bss.mbed_stack_isr_size  BUILD/DISCO_L475VG_IOT01A/ARMC6/mbed-os/cmsis/device/rtos/source/mbed_boot.o
    0x10003638   0x00000028   Zero   RW        12542    .bss.mbedtls_mutex  BUILD/DISCO_L475VG_IOT01A/ARMC6/mbed-os/connectivity/mbedtls/platform/src/mbed_trng.o
    0x10003660   0x00000050   Zero   RW         1012    .bss.os.msgqueue.mem  BUILD/DISCO_L475VG_IOT01A/ARMC6/mbed-os/cmsis/CMSIS_5/CMSIS/RTOS2/RTX/Source/rtx_lib.o
    0x100036b0   0x00000300   Zero   RW         1009    .bss.os.thread.idle.stack  BUILD/DISCO_L475VG_IOT01A/ARMC6/mbed-os/cmsis/CMSIS_5/CMSIS/RTOS2/RTX/Source/rtx_lib.o
    0x100039b0   0x00000002   Zero   RW        35851    .bss.prev_tick_remainder  BUILD/DISCO_L475VG_IOT01A/ARMC6/mbed-os/targets/TARGET_STM/hal_tick_overrides.o
    0x100039b2   0x00000002   PAD
    0x100039b4   0x0000001c   Zero   RW         1412    .bss.singleton_mutex_obj  BUILD/DISCO_L475VG_IOT01A/ARMC6/mbed-os/cmsis/device/rtos/source/mbed_rtos_rtx.o
    0x100039d0   0x0000004c   Zero   RW        36146    .bss.stdio_uart     BUILD/DISCO_L475VG_IOT01A/ARMC6/mbed-os/targets/TARGET_STM/serial_api.o
    0x10003a1c   0x0000008c   Zero   RW        13941    .bss.supported_ciphersuites  BUILD/DISCO_L475VG_IOT01A/ARMC6/mbed-os/connectivity/mbedtls/source/ssl_ciphersuites.o
    0x10003aa8   0x00000001   Zero   RW        13939    .bss.supported_init  BUILD/DISCO_L475VG_IOT01A/ARMC6/mbed-os/connectivity/mbedtls/source/ssl_ciphersuites.o
    0x10003aa9   0x00000003   PAD
    0x10003aac   0x00000004   Zero   RW         1447    .bss.terminate_hook  BUILD/DISCO_L475VG_IOT01A/ARMC6/mbed-os/cmsis/device/rtos/source/mbed_rtx_handlers.o
    0x10003ab0   0x00000004   Zero   RW        36253    .bss.timer_cnt_reg  BUILD/DISCO_L475VG_IOT01A/ARMC6/mbed-os/targets/TARGET_STM/us_ticker.o
    0x10003ab4   0x00000004   Zero   RW        36255    .bss.timer_dier_reg  BUILD/DISCO_L475VG_IOT01A/ARMC6/mbed-os/targets/TARGET_STM/us_ticker.o
    0x10003ab8   0x00000004   Zero   RW        35852    .bss.total_ticks    BUILD/DISCO_L475VG_IOT01A/ARMC6/mbed-os/targets/TARGET_STM/hal_tick_overrides.o
    0x10003abc   0x00000318   Zero   RW        35626    .bss.uart_handlers  BUILD/DISCO_L475VG_IOT01A/ARMC6/mbed-os/targets/TARGET_STM/TARGET_STM32L4/serial_device.o


    Execution Region RW_IRAM1 (Base: 0x20000000, Size: 0x00001e7c, Max: 0x00006000, ABSOLUTE)

    Base Addr    Size         Type   Attr      Idx    E Section Name        Object

    0x20000000   0x00000004   Data   RW        36521    .data               c:\ProgramData\Mbed Studio\mbed-studio-tools\ac6\bin\..\lib\armlib\c_w.l(stdio_streams.o)
    0x20000004   0x00000004   Data   RW        36523    .data               c:\ProgramData\Mbed Studio\mbed-studio-tools\ac6\bin\..\lib\armlib\c_w.l(stdio_streams.o)
    0x20000008   0x00000004   Data   RW        35484    .data.SystemCoreClock  BUILD/DISCO_L475VG_IOT01A/ARMC6/mbed-os/targets/TARGET_STM/TARGET_STM32L4/STM32Cube_FW/system_stm32l4xx.o
    0x2000000c   0x00000004   Data   RW        30246    .data._ZL14_rtc_isenabled  BUILD/DISCO_L475VG_IOT01A/ARMC6/mbed-os/platform/source/mbed_rtc_time.o
    0x20000010   0x00000002   Data   RW        25970    .data._ZL14dns_message_id  BUILD/DISCO_L475VG_IOT01A/ARMC6/mbed-os/connectivity/netsocket/source/nsapi_dns.o
    0x20000012   0x00000002   PAD
    0x20000014   0x00000004   Data   RW         1478    .data._ZL14idle_hook_fptr  BUILD/DISCO_L475VG_IOT01A/ARMC6/mbed-os/cmsis/device/rtos/source/mbed_rtx_idle.o
    0x20000018   0x00000004   Data   RW        30244    .data._ZL9_rtc_init  BUILD/DISCO_L475VG_IOT01A/ARMC6/mbed-os/platform/source/mbed_rtc_time.o
    0x2000001c   0x00000004   Data   RW        13360    .data.ecp_mpi_set1.one  BUILD/DISCO_L475VG_IOT01A/ARMC6/mbed-os/connectivity/mbedtls/source/ecp_curves.o
    0x20000020   0x00000004   Data   RW        29274    .data.irq_handler   BUILD/DISCO_L475VG_IOT01A/ARMC6/mbed-os/hal/source/mbed_us_ticker_api.o
    0x20000024   0x000000a4   Data   RW          995    .data.os            BUILD/DISCO_L475VG_IOT01A/ARMC6/mbed-os/cmsis/CMSIS_5/CMSIS/RTOS2/RTX/Source/rtx_kernel.o
    0x200000c8   0x00000018   Data   RW        14344    .data.ssl_preset_default_hashes  BUILD/DISCO_L475VG_IOT01A/ARMC6/mbed-os/connectivity/mbedtls/source/ssl_tls.o
    0x200000e0   0x0000000c   Data   RW        14341    .data.ssl_preset_suiteb_ciphersuites  BUILD/DISCO_L475VG_IOT01A/ARMC6/mbed-os/connectivity/mbedtls/source/ssl_tls.o
    0x200000ec   0x00000003   Data   RW        14343    .data.ssl_preset_suiteb_curves  BUILD/DISCO_L475VG_IOT01A/ARMC6/mbed-os/connectivity/mbedtls/source/ssl_tls.o
    0x200000ef   0x00000001   PAD
    0x200000f0   0x00000054   Zero   RW        36518    .bss                c:\ProgramData\Mbed Studio\mbed-studio-tools\ac6\bin\..\lib\armlib\c_w.l(stdio_streams.o)
    0x20000144   0x00000054   Zero   RW        36520    .bss                c:\ProgramData\Mbed Studio\mbed-studio-tools\ac6\bin\..\lib\armlib\c_w.l(stdio_streams.o)
    0x20000198   0x000000e4   Zero   RW        36542    .bss                c:\ProgramData\Mbed Studio\mbed-studio-tools\ac6\bin\..\lib\armlib\c_w.l(rand.o)
    0x2000027c   0x00000004   Zero   RW           91    .bss.AccelerometerDrv  BUILD/DISCO_L475VG_IOT01A/ARMC6/BSP_B-L475E-IOT01/Drivers/BSP/B-L475E-IOT01/stm32l475e_iot01_accelero.o
    0x20000280   0x00000038   Zero   RW        35978    .bss.LptimHandle    BUILD/DISCO_L475VG_IOT01A/ARMC6/mbed-os/targets/TARGET_STM/lp_ticker.o
    0x200002b8   0x00000001   Zero   RW        36106    .bss.RTC_inited     BUILD/DISCO_L475VG_IOT01A/ARMC6/mbed-os/targets/TARGET_STM/rtc_api.o
    0x200002b9   0x00000003   PAD
    0x200002bc   0x00000024   Zero   RW        36107    .bss.RtcHandle      BUILD/DISCO_L475VG_IOT01A/ARMC6/mbed-os/targets/TARGET_STM/rtc_api.o
    0x200002e0   0x0000004c   Zero   RW        36252    .bss.TimMasterHandle  BUILD/DISCO_L475VG_IOT01A/ARMC6/mbed-os/targets/TARGET_STM/us_ticker.o
    0x2000032c   0x00000004   Zero   RW        25613    .bss._ZGVZN12NetworkStack7call_inEiN4mbed8CallbackIFvvEEEE11event_queue  BUILD/DISCO_L475VG_IOT01A/ARMC6/mbed-os/connectivity/netsocket/source/NetworkStack.o
    0x20000330   0x00000004   Zero   RW        28590    .bss._ZGVZN4mbed33do_shared_event_queue_with_threadIL12osPriority_t24ELj768ELj2048EEEPN6events10EventQueueEPKcE6thread  BUILD/DISCO_L475VG_IOT01A/ARMC6/mbed-os/events/source/mbed_shared_queues.o
    0x20000334   0x00000004   Zero   RW        38919    .bss._ZGVZNKSt3__220__time_get_c_storageIcE3__XEvE1s  c:\ProgramData\Mbed Studio\mbed-studio-tools\ac6\bin\..\lib\libcxx\libcpp_w.l(locale.cpp.o)
    0x20000338   0x00000004   Zero   RW        38923    .bss._ZGVZNKSt3__220__time_get_c_storageIcE3__cEvE1s  c:\ProgramData\Mbed Studio\mbed-studio-tools\ac6\bin\..\lib\libcxx\libcpp_w.l(locale.cpp.o)
    0x2000033c   0x00000004   Zero   RW        38927    .bss._ZGVZNKSt3__220__time_get_c_storageIcE3__rEvE1s  c:\ProgramData\Mbed Studio\mbed-studio-tools\ac6\bin\..\lib\libcxx\libcpp_w.l(locale.cpp.o)
    0x20000340   0x00000004   Zero   RW        38915    .bss._ZGVZNKSt3__220__time_get_c_storageIcE3__xEvE1s  c:\ProgramData\Mbed Studio\mbed-studio-tools\ac6\bin\..\lib\libcxx\libcpp_w.l(locale.cpp.o)
    0x20000344   0x00000004   Zero   RW        38851    .bss._ZGVZNSt3__26__clocEvE6result  c:\ProgramData\Mbed Studio\mbed-studio-tools\ac6\bin\..\lib\libcxx\libcpp_w.l(locale.cpp.o)
    0x20000348   0x00000004   Zero   RW        38866    .bss._ZGVZNSt3__26locale8__globalEvE1g  c:\ProgramData\Mbed Studio\mbed-studio-tools\ac6\bin\..\lib\libcxx\libcpp_w.l(locale.cpp.o)
    0x2000034c   0x00000004   Zero   RW        36764    .bss._ZGVZNSt3__28ios_base4InitC1EvE16init_the_streams  c:\ProgramData\Mbed Studio\mbed-studio-tools\ac6\bin\..\lib\libcxx\libcpp_w.l(iostream.cpp.o)
    0x20000350   0x00000004   Zero   RW        39030    .bss._ZGVZNSt3__2L10init_am_pmEvE5am_pm  c:\ProgramData\Mbed Studio\mbed-studio-tools\ac6\bin\..\lib\libcxx\libcpp_w.l(locale.cpp.o)
    0x20000354   0x00000004   Zero   RW        39022    .bss._ZGVZNSt3__2L10init_weeksEvE5weeks  c:\ProgramData\Mbed Studio\mbed-studio-tools\ac6\bin\..\lib\libcxx\libcpp_w.l(locale.cpp.o)
    0x20000358   0x00000004   Zero   RW        39026    .bss._ZGVZNSt3__2L11init_monthsEvE6months  c:\ProgramData\Mbed Studio\mbed-studio-tools\ac6\bin\..\lib\libcxx\libcpp_w.l(locale.cpp.o)
    0x2000035c   0x00000014   Zero   RW        25969    .bss._ZL11dns_call_in  BUILD/DISCO_L475VG_IOT01A/ARMC6/mbed-os/connectivity/netsocket/source/nsapi_dns.o
    0x20000370   0x00000010   Zero   RW        30200    .bss._ZL13stdio_in_prev  BUILD/DISCO_L475VG_IOT01A/ARMC6/mbed-os/platform/source/mbed_retarget.o
    0x20000380   0x00000028   Zero   RW        25976    .bss._ZL15dns_cache_mutex  BUILD/DISCO_L475VG_IOT01A/ARMC6/mbed-os/connectivity/netsocket/source/nsapi_dns.o
    0x200003a8   0x00000028   Zero   RW        30197    .bss._ZL16filehandle_mutex  BUILD/DISCO_L475VG_IOT01A/ARMC6/mbed-os/platform/source/mbed_retarget.o
    0x200003d0   0x00000001   Zero   RW        25974    .bss._ZL17dns_timer_running  BUILD/DISCO_L475VG_IOT01A/ARMC6/mbed-os/connectivity/netsocket/source/nsapi_dns.o
    0x200003d1   0x00000003   PAD
    0x200003d4   0x0000000c   Zero   RW        25977    .bss._ZL9dns_cache  BUILD/DISCO_L475VG_IOT01A/ARMC6/mbed-os/connectivity/netsocket/source/nsapi_dns.o
    0x200003e0   0x00000004   Zero   RW        30622    .bss._ZN16QSPIFBlockDevice28_active_qspif_flash_csel_arrE  BUILD/DISCO_L475VG_IOT01A/ARMC6/mbed-os/storage/blockdevice/COMPONENT_QSPIF/source/QSPIFBlockDevice.o
    0x200003e4   0x0000039c   Zero   RW        27202    .bss._ZN4mbed3SPI12_peripheralsE  BUILD/DISCO_L475VG_IOT01A/ARMC6/mbed-os/drivers/source/SPI.o
    0x20000780   0x00000004   Zero   RW        27203    .bss._ZN4mbed3SPI17_peripherals_usedE  BUILD/DISCO_L475VG_IOT01A/ARMC6/mbed-os/drivers/source/SPI.o
    0x20000784   0x00000004   Zero   RW        29497    .bss._ZN4mbed8FileBase5_headE  BUILD/DISCO_L475VG_IOT01A/ARMC6/mbed-os/platform/source/FileBase.o
    0x20000788   0x00000008   Zero   RW        40175    .bss._ZNSt3__210moneypunctIcLb0EE2idE  c:\ProgramData\Mbed Studio\mbed-studio-tools\ac6\bin\..\lib\libcxx\libcpp_w.l(locale.cpp.o)
    0x20000790   0x00000008   Zero   RW        40181    .bss._ZNSt3__210moneypunctIwLb0EE2idE  c:\ProgramData\Mbed Studio\mbed-studio-tools\ac6\bin\..\lib\libcxx\libcpp_w.l(locale.cpp.o)
    0x20000798   0x00000058   Zero   RW        36744    .bss._ZNSt3__24wcinE  c:\ProgramData\Mbed Studio\mbed-studio-tools\ac6\bin\..\lib\libcxx\libcpp_w.l(iostream.cpp.o)
    0x200007f0   0x00000008   Zero   RW        38882    .bss._ZNSt3__25ctypeIwE2idE  c:\ProgramData\Mbed Studio\mbed-studio-tools\ac6\bin\..\lib\libcxx\libcpp_w.l(locale.cpp.o)
    0x200007f8   0x00000054   Zero   RW        36748    .bss._ZNSt3__25wcerrE  c:\ProgramData\Mbed Studio\mbed-studio-tools\ac6\bin\..\lib\libcxx\libcpp_w.l(iostream.cpp.o)
    0x2000084c   0x00000054   Zero   RW        36750    .bss._ZNSt3__25wclogE  c:\ProgramData\Mbed Studio\mbed-studio-tools\ac6\bin\..\lib\libcxx\libcpp_w.l(iostream.cpp.o)
    0x200008a0   0x00000054   Zero   RW        36746    .bss._ZNSt3__25wcoutE  c:\ProgramData\Mbed Studio\mbed-studio-tools\ac6\bin\..\lib\libcxx\libcpp_w.l(iostream.cpp.o)
    0x200008f4   0x00000008   Zero   RW        38893    .bss._ZNSt3__27codecvtIDicSt11__mbstate_tE2idE  c:\ProgramData\Mbed Studio\mbed-studio-tools\ac6\bin\..\lib\libcxx\libcpp_w.l(locale.cpp.o)
    0x200008fc   0x00000008   Zero   RW        38891    .bss._ZNSt3__27codecvtIDscSt11__mbstate_tE2idE  c:\ProgramData\Mbed Studio\mbed-studio-tools\ac6\bin\..\lib\libcxx\libcpp_w.l(locale.cpp.o)
    0x20000904   0x00000008   Zero   RW        38888    .bss._ZNSt3__27codecvtIccSt11__mbstate_tE2idE  c:\ProgramData\Mbed Studio\mbed-studio-tools\ac6\bin\..\lib\libcxx\libcpp_w.l(locale.cpp.o)
    0x2000090c   0x00000008   Zero   RW        40151    .bss._ZNSt3__27collateIcE2idE  c:\ProgramData\Mbed Studio\mbed-studio-tools\ac6\bin\..\lib\libcxx\libcpp_w.l(locale.cpp.o)
    0x20000914   0x00000008   Zero   RW        40155    .bss._ZNSt3__27num_getIcNS_19istreambuf_iteratorIcNS_11char_traitsIcEEEEE2idE  c:\ProgramData\Mbed Studio\mbed-studio-tools\ac6\bin\..\lib\libcxx\libcpp_w.l(locale.cpp.o)
    0x2000091c   0x00000008   Zero   RW        40159    .bss._ZNSt3__27num_putIcNS_19ostreambuf_iteratorIcNS_11char_traitsIcEEEEE2idE  c:\ProgramData\Mbed Studio\mbed-studio-tools\ac6\bin\..\lib\libcxx\libcpp_w.l(locale.cpp.o)
    0x20000924   0x00000008   Zero   RW        40199    .bss._ZNSt3__28messagesIcE2idE  c:\ProgramData\Mbed Studio\mbed-studio-tools\ac6\bin\..\lib\libcxx\libcpp_w.l(locale.cpp.o)
    0x2000092c   0x00000008   Zero   RW        38895    .bss._ZNSt3__28numpunctIcE2idE  c:\ProgramData\Mbed Studio\mbed-studio-tools\ac6\bin\..\lib\libcxx\libcpp_w.l(locale.cpp.o)
    0x20000934   0x00000008   Zero   RW        40163    .bss._ZNSt3__28time_getIcNS_19istreambuf_iteratorIcNS_11char_traitsIcEEEEE2idE  c:\ProgramData\Mbed Studio\mbed-studio-tools\ac6\bin\..\lib\libcxx\libcpp_w.l(locale.cpp.o)
    0x2000093c   0x00000008   Zero   RW        40169    .bss._ZNSt3__28time_putIcNS_19ostreambuf_iteratorIcNS_11char_traitsIcEEEEE2idE  c:\ProgramData\Mbed Studio\mbed-studio-tools\ac6\bin\..\lib\libcxx\libcpp_w.l(locale.cpp.o)
    0x20000944   0x00000008   Zero   RW        40191    .bss._ZNSt3__29money_getIcNS_19istreambuf_iteratorIcNS_11char_traitsIcEEEEE2idE  c:\ProgramData\Mbed Studio\mbed-studio-tools\ac6\bin\..\lib\libcxx\libcpp_w.l(locale.cpp.o)
    0x2000094c   0x00000008   Zero   RW        40195    .bss._ZNSt3__29money_putIcNS_19ostreambuf_iteratorIcNS_11char_traitsIcEEEEE2idE  c:\ProgramData\Mbed Studio\mbed-studio-tools\ac6\bin\..\lib\libcxx\libcpp_w.l(locale.cpp.o)
    0x20000954   0x00000001   Zero   RW        36742    .bss._ZNSt3__2L19__start_std_streamsE  c:\ProgramData\Mbed Studio\mbed-studio-tools\ac6\bin\..\lib\libcxx\libcpp_w.l(iostream.cpp.o)
    0x20000955   0x00000001   Zero   RW        37126    .bss._ZNSt3__2L19__start_std_streamsE  c:\ProgramData\Mbed Studio\mbed-studio-tools\ac6\bin\..\lib\libcxx\libcpp_w.l(ios.cpp.o)
    0x20000956   0x00000001   Zero   RW        38841    .bss._ZNSt3__2L19__start_std_streamsE  c:\ProgramData\Mbed Studio\mbed-studio-tools\ac6\bin\..\lib\libcxx\libcpp_w.l(locale.cpp.o)
    0x20000957   0x00000001   PAD
    0x20000958   0x00000038   Zero   RW        36753    .bss._ZNSt3__2L6__wcinE  c:\ProgramData\Mbed Studio\mbed-studio-tools\ac6\bin\..\lib\libcxx\libcpp_w.l(iostream.cpp.o)
    0x20000990   0x00000008   Zero   RW        36752    .bss._ZNSt3__2L6mb_cinE  c:\ProgramData\Mbed Studio\mbed-studio-tools\ac6\bin\..\lib\libcxx\libcpp_w.l(iostream.cpp.o)
    0x20000998   0x00000030   Zero   RW        36761    .bss._ZNSt3__2L7__wcerrE  c:\ProgramData\Mbed Studio\mbed-studio-tools\ac6\bin\..\lib\libcxx\libcpp_w.l(iostream.cpp.o)
    0x200009c8   0x00000030   Zero   RW        36757    .bss._ZNSt3__2L7__wcoutE  c:\ProgramData\Mbed Studio\mbed-studio-tools\ac6\bin\..\lib\libcxx\libcpp_w.l(iostream.cpp.o)
    0x200009f8   0x00000008   Zero   RW        36760    .bss._ZNSt3__2L7mb_cerrE  c:\ProgramData\Mbed Studio\mbed-studio-tools\ac6\bin\..\lib\libcxx\libcpp_w.l(iostream.cpp.o)
    0x20000a00   0x00000008   Zero   RW        36756    .bss._ZNSt3__2L7mb_coutE  c:\ProgramData\Mbed Studio\mbed-studio-tools\ac6\bin\..\lib\libcxx\libcpp_w.l(iostream.cpp.o)
    0x20000a08   0x00000004   Zero   RW        30209    .bss._ZZL15default_consolevE7console  BUILD/DISCO_L475VG_IOT01A/ARMC6/mbed-os/platform/source/mbed_retarget.o
    0x20000a0c   0x0000005c   Zero   RW        28586    .bss._ZZN4mbed33do_shared_event_queue_with_threadIL12osPriority_t24ELj768ELj2048EEEPN6events10EventQueueEPKcE5queue  BUILD/DISCO_L475VG_IOT01A/ARMC6/mbed-os/events/source/mbed_shared_queues.o
    0x20000a68   0x00000800   Zero   RW        28588    .bss._ZZN4mbed33do_shared_event_queue_with_threadIL12osPriority_t24ELj768ELj2048EEEPN6events10EventQueueEPKcE5stack  BUILD/DISCO_L475VG_IOT01A/ARMC6/mbed-os/events/source/mbed_shared_queues.o
    0x20001268   0x00000004   Zero   RW        30365    .bss._ZZN4rtos6Kernel4impl14get_tick_countEvE6tick_h  BUILD/DISCO_L475VG_IOT01A/ARMC6/mbed-os/rtos/source/Kernel.o
    0x2000126c   0x00000004   Zero   RW        38910    .bss._ZZNKSt3__220__time_get_c_storageIcE7__am_pmEvE5am_pm  c:\ProgramData\Mbed Studio\mbed-studio-tools\ac6\bin\..\lib\libcxx\libcpp_w.l(locale.cpp.o)
    0x20001270   0x00000004   Zero   RW        38902    .bss._ZZNKSt3__220__time_get_c_storageIcE7__weeksEvE5weeks  c:\ProgramData\Mbed Studio\mbed-studio-tools\ac6\bin\..\lib\libcxx\libcpp_w.l(locale.cpp.o)
    0x20001274   0x00000004   Zero   RW        38906    .bss._ZZNKSt3__220__time_get_c_storageIcE8__monthsEvE6months  c:\ProgramData\Mbed Studio\mbed-studio-tools\ac6\bin\..\lib\libcxx\libcpp_w.l(locale.cpp.o)
    0x20001278   0x0000000c   Zero   RW        38920    .bss._ZZNKSt3__220__time_get_c_storageIwE3__XEvE1s  c:\ProgramData\Mbed Studio\mbed-studio-tools\ac6\bin\..\lib\libcxx\libcpp_w.l(locale.cpp.o)
    0x20001284   0x0000000c   Zero   RW        38924    .bss._ZZNKSt3__220__time_get_c_storageIwE3__cEvE1s  c:\ProgramData\Mbed Studio\mbed-studio-tools\ac6\bin\..\lib\libcxx\libcpp_w.l(locale.cpp.o)
    0x20001290   0x0000000c   Zero   RW        38928    .bss._ZZNKSt3__220__time_get_c_storageIwE3__rEvE1s  c:\ProgramData\Mbed Studio\mbed-studio-tools\ac6\bin\..\lib\libcxx\libcpp_w.l(locale.cpp.o)
    0x2000129c   0x0000000c   Zero   RW        38916    .bss._ZZNKSt3__220__time_get_c_storageIwE3__xEvE1s  c:\ProgramData\Mbed Studio\mbed-studio-tools\ac6\bin\..\lib\libcxx\libcpp_w.l(locale.cpp.o)
    0x200012a8   0x00000004   Zero   RW        38912    .bss._ZZNKSt3__220__time_get_c_storageIwE7__am_pmEvE5am_pm  c:\ProgramData\Mbed Studio\mbed-studio-tools\ac6\bin\..\lib\libcxx\libcpp_w.l(locale.cpp.o)
    0x200012ac   0x00000004   Zero   RW        38904    .bss._ZZNKSt3__220__time_get_c_storageIwE7__weeksEvE5weeks  c:\ProgramData\Mbed Studio\mbed-studio-tools\ac6\bin\..\lib\libcxx\libcpp_w.l(locale.cpp.o)
    0x200012b0   0x00000004   Zero   RW        38908    .bss._ZZNKSt3__220__time_get_c_storageIwE8__monthsEvE6months  c:\ProgramData\Mbed Studio\mbed-studio-tools\ac6\bin\..\lib\libcxx\libcpp_w.l(locale.cpp.o)
    0x200012b4   0x00000004   PAD
    0x200012b8   0x00000008   Zero   RW        39049    .bss._ZZNSt3__212_GLOBAL__N_14makeINS_10moneypunctIcLb0EEEjEERT_T0_E3buf  c:\ProgramData\Mbed Studio\mbed-studio-tools\ac6\bin\..\lib\libcxx\libcpp_w.l(locale.cpp.o)
    0x200012c0   0x00000008   Zero   RW        39051    .bss._ZZNSt3__212_GLOBAL__N_14makeINS_10moneypunctIwLb0EEEjEERT_T0_E3buf  c:\ProgramData\Mbed Studio\mbed-studio-tools\ac6\bin\..\lib\libcxx\libcpp_w.l(locale.cpp.o)
    0x200012c8   0x00000010   Zero   RW        39035    .bss._ZZNSt3__212_GLOBAL__N_14makeINS_5ctypeIcEEDnbjEERT_T0_T1_T2_E3buf  c:\ProgramData\Mbed Studio\mbed-studio-tools\ac6\bin\..\lib\libcxx\libcpp_w.l(locale.cpp.o)
    0x200012d8   0x00000008   Zero   RW        39036    .bss._ZZNSt3__212_GLOBAL__N_14makeINS_5ctypeIwEEjEERT_T0_E3buf  c:\ProgramData\Mbed Studio\mbed-studio-tools\ac6\bin\..\lib\libcxx\libcpp_w.l(locale.cpp.o)
    0x200012e0   0x00000008   Zero   RW        39041    .bss._ZZNSt3__212_GLOBAL__N_14makeINS_7codecvtIDsDuSt11__mbstate_tEEjEERT_T0_E3buf  c:\ProgramData\Mbed Studio\mbed-studio-tools\ac6\bin\..\lib\libcxx\libcpp_w.l(locale.cpp.o)
    0x200012e8   0x00000008   Zero   RW        39039    .bss._ZZNSt3__212_GLOBAL__N_14makeINS_7codecvtIDscSt11__mbstate_tEEjEERT_T0_E3buf  c:\ProgramData\Mbed Studio\mbed-studio-tools\ac6\bin\..\lib\libcxx\libcpp_w.l(locale.cpp.o)
    0x200012f0   0x00000008   Zero   RW        39033    .bss._ZZNSt3__212_GLOBAL__N_14makeINS_7collateIcEEjEERT_T0_E3buf  c:\ProgramData\Mbed Studio\mbed-studio-tools\ac6\bin\..\lib\libcxx\libcpp_w.l(locale.cpp.o)
    0x200012f8   0x00000008   Zero   RW        39045    .bss._ZZNSt3__212_GLOBAL__N_14makeINS_7num_getIcNS_19istreambuf_iteratorIcNS_11char_traitsIcEEEEEEjEERT_T0_E3buf  c:\ProgramData\Mbed Studio\mbed-studio-tools\ac6\bin\..\lib\libcxx\libcpp_w.l(locale.cpp.o)
    0x20001300   0x00000008   Zero   RW        39047    .bss._ZZNSt3__212_GLOBAL__N_14makeINS_7num_putIcNS_19ostreambuf_iteratorIcNS_11char_traitsIcEEEEEEjEERT_T0_E3buf  c:\ProgramData\Mbed Studio\mbed-studio-tools\ac6\bin\..\lib\libcxx\libcpp_w.l(locale.cpp.o)
    0x20001308   0x00000008   Zero   RW        39061    .bss._ZZNSt3__212_GLOBAL__N_14makeINS_8messagesIcEEjEERT_T0_E3buf  c:\ProgramData\Mbed Studio\mbed-studio-tools\ac6\bin\..\lib\libcxx\libcpp_w.l(locale.cpp.o)
    0x20001310   0x00000018   Zero   RW        39043    .bss._ZZNSt3__212_GLOBAL__N_14makeINS_8numpunctIcEEjEERT_T0_E3buf  c:\ProgramData\Mbed Studio\mbed-studio-tools\ac6\bin\..\lib\libcxx\libcpp_w.l(locale.cpp.o)
    0x20001328   0x00000010   Zero   RW        39057    .bss._ZZNSt3__212_GLOBAL__N_14makeINS_8time_getIcNS_19istreambuf_iteratorIcNS_11char_traitsIcEEEEEEjEERT_T0_E3buf  c:\ProgramData\Mbed Studio\mbed-studio-tools\ac6\bin\..\lib\libcxx\libcpp_w.l(locale.cpp.o)
    0x20001338   0x00000010   Zero   RW        39059    .bss._ZZNSt3__212_GLOBAL__N_14makeINS_8time_putIcNS_19ostreambuf_iteratorIcNS_11char_traitsIcEEEEEEjEERT_T0_E3buf  c:\ProgramData\Mbed Studio\mbed-studio-tools\ac6\bin\..\lib\libcxx\libcpp_w.l(locale.cpp.o)
    0x20001348   0x00000008   Zero   RW        39053    .bss._ZZNSt3__212_GLOBAL__N_14makeINS_9money_getIcNS_19istreambuf_iteratorIcNS_11char_traitsIcEEEEEEjEERT_T0_E3buf  c:\ProgramData\Mbed Studio\mbed-studio-tools\ac6\bin\..\lib\libcxx\libcpp_w.l(locale.cpp.o)
    0x20001350   0x00000008   Zero   RW        39055    .bss._ZZNSt3__212_GLOBAL__N_14makeINS_9money_putIcNS_19ostreambuf_iteratorIcNS_11char_traitsIcEEEEEEjEERT_T0_E3buf  c:\ProgramData\Mbed Studio\mbed-studio-tools\ac6\bin\..\lib\libcxx\libcpp_w.l(locale.cpp.o)
    0x20001358   0x00000004   Zero   RW        38864    .bss._ZZNSt3__26locale5__imp11make_globalEvE3buf  c:\ProgramData\Mbed Studio\mbed-studio-tools\ac6\bin\..\lib\libcxx\libcpp_w.l(locale.cpp.o)
    0x2000135c   0x00000004   Zero   RW        38862    .bss._ZZNSt3__26locale7classicEvE1c  c:\ProgramData\Mbed Studio\mbed-studio-tools\ac6\bin\..\lib\libcxx\libcpp_w.l(locale.cpp.o)
    0x20001360   0x00000018   Zero   RW        39029    .bss._ZZNSt3__2L10init_am_pmEvE5am_pm  c:\ProgramData\Mbed Studio\mbed-studio-tools\ac6\bin\..\lib\libcxx\libcpp_w.l(locale.cpp.o)
    0x20001378   0x000000a8   Zero   RW        39023    .bss._ZZNSt3__2L11init_wweeksEvE5weeks  c:\ProgramData\Mbed Studio\mbed-studio-tools\ac6\bin\..\lib\libcxx\libcpp_w.l(locale.cpp.o)
    0x20001420   0x00000024   Zero   RW         1409    .bss._main_thread_attr  BUILD/DISCO_L475VG_IOT01A/ARMC6/mbed-os/cmsis/device/rtos/source/mbed_rtos_rtx.o
    0x20001444   0x000000e0   Zero   RW         1382    .bss._static_mutexes_mem  BUILD/DISCO_L475VG_IOT01A/ARMC6/mbed-os/cmsis/device/rtos/TOOLCHAIN_ARM_STD/mbed_boot_arm_std.o
    0x20001524   0x00000004   Zero   RW        35791    .bss.can_irq_contexts  BUILD/DISCO_L475VG_IOT01A/ARMC6/mbed-os/targets/TARGET_STM/can_api.o
    0x20001528   0x00000214   Zero   RW        35838    .bss.channels       BUILD/DISCO_L475VG_IOT01A/ARMC6/mbed-os/targets/TARGET_STM/gpio_irq_api.o
    0x2000173c   0x00000004   Zero   RW        29881    .bss.critical_section_reentrancy_counter  BUILD/DISCO_L475VG_IOT01A/ARMC6/mbed-os/platform/source/mbed_critical.o
    0x20001740   0x00000005   Zero   RW        13334    .bss.ecp_supported_grp_id  BUILD/DISCO_L475VG_IOT01A/ARMC6/mbed-os/connectivity/mbedtls/source/ecp.o
    0x20001745   0x00000003   PAD
    0x20001748   0x00000004   Zero   RW        29936    .bss.error_hook     BUILD/DISCO_L475VG_IOT01A/ARMC6/mbed-os/platform/source/mbed_error.o
    0x2000174c   0x00000004   PAD
    0x20001750   0x00000038   Zero   RW        29183    .bss.events         BUILD/DISCO_L475VG_IOT01A/ARMC6/mbed-os/hal/source/mbed_lp_ticker_api.o
    0x20001788   0x00000040   Zero   RW        29933    .bss.first_error_ctx  BUILD/DISCO_L475VG_IOT01A/ARMC6/mbed-os/platform/source/mbed_error.o
    0x200017c8   0x0000004c   Zero   RW           79    .bss.hI2cHandler    BUILD/DISCO_L475VG_IOT01A/ARMC6/BSP_B-L475E-IOT01/Drivers/BSP/B-L475E-IOT01/stm32l475e_iot01.o
    0x20001814   0x00000001   Zero   RW        29937    .bss.halt_in_progress  BUILD/DISCO_L475VG_IOT01A/ARMC6/mbed-os/platform/source/mbed_error.o
    0x20001815   0x00000001   PAD
    0x20001816   0x00000002   Zero   RW        35837    .bss.irq_channel_used  BUILD/DISCO_L475VG_IOT01A/ARMC6/mbed-os/targets/TARGET_STM/gpio_irq_api.o
    0x20001818   0x00000004   Zero   RW        35975    .bss.lp_delayed_counter  BUILD/DISCO_L475VG_IOT01A/ARMC6/mbed-os/targets/TARGET_STM/lp_ticker.o
    0x2000181c   0x00000001   Zero   RW        35971    .bss.lp_delayed_prog  BUILD/DISCO_L475VG_IOT01A/ARMC6/mbed-os/targets/TARGET_STM/lp_ticker.o
    0x2000181d   0x00000001   Zero   RW        29930    .bss.mbed_error_in_progress  BUILD/DISCO_L475VG_IOT01A/ARMC6/mbed-os/platform/source/mbed_error.o
    0x2000181e   0x00000002   PAD
    0x20001820   0x00000004   Zero   RW        30195    .bss.mbed_heap_start  BUILD/DISCO_L475VG_IOT01A/ARMC6/mbed-os/platform/source/mbed_retarget.o
    0x20001824   0x00000004   Zero   RW         1398    .bss.mbed_stack_isr_start  BUILD/DISCO_L475VG_IOT01A/ARMC6/mbed-os/cmsis/device/rtos/source/mbed_boot.o
    0x20001828   0x00000001   Zero   RW        13333    .bss.mbedtls_ecp_grp_id_list.init_done  BUILD/DISCO_L475VG_IOT01A/ARMC6/mbed-os/connectivity/mbedtls/source/ecp.o
    0x20001829   0x00000003   PAD
    0x2000182c   0x00000040   Zero   RW         1000    .bss.os             BUILD/DISCO_L475VG_IOT01A/ARMC6/mbed-os/cmsis/CMSIS_5/CMSIS/RTOS2/RTX/Source/rtx_lib.o
    0x2000186c   0x000001f0   Zero   RW         1380    .bss.os.libspace    BUILD/DISCO_L475VG_IOT01A/ARMC6/mbed-os/cmsis/device/rtos/TOOLCHAIN_ARM_STD/mbed_boot_arm_std.o
    0x20001a5c   0x00000034   Zero   RW         1011    .bss.os.msgqueue.cb  BUILD/DISCO_L475VG_IOT01A/ARMC6/mbed-os/cmsis/CMSIS_5/CMSIS/RTOS2/RTX/Source/rtx_lib.o
    0x20001a90   0x00000088   Zero   RW         1008    .bss.os.thread.cb   BUILD/DISCO_L475VG_IOT01A/ARMC6/mbed-os/cmsis/CMSIS_5/CMSIS/RTOS2/RTX/Source/rtx_lib.o
    0x20001b18   0x00000044   Zero   RW         1410    .bss.os.thread.cb   BUILD/DISCO_L475VG_IOT01A/ARMC6/mbed-os/cmsis/device/rtos/source/mbed_rtos_rtx.o
    0x20001b5c   0x00000004   PAD
    0x20001b60   0x00000300   Zero   RW         1010    .bss.os.thread.timer.stack  BUILD/DISCO_L475VG_IOT01A/ARMC6/mbed-os/cmsis/CMSIS_5/CMSIS/RTOS2/RTX/Source/rtx_lib.o
    0x20001e60   0x00000001   Zero   RW         1383    .bss.os_kernel_is_active.os_kernel_active  BUILD/DISCO_L475VG_IOT01A/ARMC6/mbed-os/cmsis/device/rtos/TOOLCHAIN_ARM_STD/mbed_boot_arm_std.o
    0x20001e61   0x00000003   PAD
    0x20001e64   0x00000004   Zero   RW        35850    .bss.prev_time      BUILD/DISCO_L475VG_IOT01A/ARMC6/mbed-os/targets/TARGET_STM/hal_tick_overrides.o
    0x20001e68   0x00000001   Zero   RW        35973    .bss.roll_over_flag  BUILD/DISCO_L475VG_IOT01A/ARMC6/mbed-os/targets/TARGET_STM/lp_ticker.o
    0x20001e69   0x00000003   PAD
    0x20001e6c   0x00000004   Zero   RW         1414    .bss.singleton_mutex_id  BUILD/DISCO_L475VG_IOT01A/ARMC6/mbed-os/cmsis/device/rtos/source/mbed_rtos_rtx.o
    0x20001e70   0x00000001   Zero   RW        35976    .bss.sleep_manager_locked  BUILD/DISCO_L475VG_IOT01A/ARMC6/mbed-os/targets/TARGET_STM/lp_ticker.o
    0x20001e71   0x00000001   Zero   RW        29144    .bss.state_saved    BUILD/DISCO_L475VG_IOT01A/ARMC6/mbed-os/hal/source/mbed_critical_section_api.o
    0x20001e72   0x00000002   PAD
    0x20001e74   0x00000004   Zero   RW        36144    .bss.stdio_uart_inited  BUILD/DISCO_L475VG_IOT01A/ARMC6/mbed-os/targets/TARGET_STM/serial_api.o
    0x20001e78   0x00000004   Zero   RW        36254    .bss.timer_ccr1_reg  BUILD/DISCO_L475VG_IOT01A/ARMC6/mbed-os/targets/TARGET_STM/us_ticker.o


    Execution Region ARM_LIB_HEAP (Base: 0x20001e80, Size: 0x00015d80, Max: 0x00015d80, ABSOLUTE)

    Base Addr    Size         Type   Attr      Idx    E Section Name        Object

    0x20001e80   0x00015d80   Zero   RW            2    ARM_LIB_HEAP.bss    anon$$obj.o


    Execution Region ARM_LIB_STACK (Base: 0x20017c00, Size: 0x00000400, Max: 0x00000400, ABSOLUTE)

    Base Addr    Size         Type   Attr      Idx    E Section Name        Object

    0x20017c00   0x00000400   Zero   RW            3    ARM_LIB_STACK.bss   anon$$obj.o


==============================================================================

Image component sizes


      Code (inc. data)   RO Data    RW Data    ZI Data      Debug   

    201948      11004      40874        476     109681      83024   Object Totals
         0          0         64          0      90752          0   (incl. Generated)
       374          0         13          6         58          0   (incl. Padding)
     85564       1834       8438         20       3559      60380   Library Totals
       172          8         19          0         22          0   (incl. Padding)

==============================================================================


      Code (inc. data)   RO Data    RW Data    ZI Data      Debug   

    287512      12838      49312        496     113240     128284   Grand Totals
    287512      12838      49312        496     113240     128284   ELF Image Totals
    287512      12838      49312        496          0          0   ROM Totals

==============================================================================

    Total RO  Size (Code + RO Data)               336824 ( 328.93kB)
    Total RW  Size (RW Data + ZI Data)            113736 ( 111.07kB)
    Total ROM Size (Code + RO Data + RW Data)     337320 ( 329.41kB)

==============================================================================

